<html>
<body>
<pre>
<h1>µVision Build Log</h1>
<h2>Tool Versions:</h2>
IDE-Version: ¦ÌVision V5.25.2.0
Copyright (C) 2018 ARM Ltd and ARM Germany GmbH. All rights reserved.
License Information: root root, root, LIC=FYKMM-XLMZG-EHZ8P-M7JD7-UJXCM-QV696
 
Tool Versions:
Toolchain:       MDK-ARM Plus  Version: 5.25.2.0
Toolchain Path:  C:\Keil_v5\ARM\ARMCC\Bin
C Compiler:      Armcc.exe V5.06 update 6 (build 750)
Assembler:       Armasm.exe V5.06 update 6 (build 750)
Linker/Locator:  ArmLink.exe V5.06 update 6 (build 750)
Library Manager: ArmAr.exe V5.06 update 6 (build 750)
Hex Converter:   FromElf.exe V5.06 update 6 (build 750)
CPU DLL:         SARMCM3.DLL V5.25.2.0
Dialog DLL:      DCM.DLL V1.17.1.0
Target DLL:      Segger\JL2CM3.dll V2.99.29.0
Dialog DLL:      TCM.DLL V1.35.1.0
 
<h2>Project:</h2>
E:\my_project\DH\YE6277\lwip_client_socket_public_master\Project\RVMDK£¨uv5£©\Fire_FreeRTOS.uvprojx
Project File Date:  02/18/2020

<h2>Output:</h2>
*** Using Compiler 'V5.06 update 6 (build 750)', folder: 'C:\Keil_v5\ARM\ARMCC\Bin'
Build target 'Fire_FreeRTOS'
compiling emu_data_task.c...
..\..\User\emu_data_task.c(718): warning:  #177-D: variable "checksum"  was declared but never referenced
  	uint8_t checksum=0;
..\..\User\emu_data_task.c: 1 warning, 0 errors
compiling date_process_task.c...
..\..\User\date_process_task.c(128): warning:  #177-D: variable "yy_temp"  was declared but never referenced
  		float yy_temp=0;
..\..\User\date_process_task.c(280): warning:  #1035-D: single-precision operand implicitly converted to double-precision
  		 Parameter.average[i]=Temp_sum[i]/config.channel_freq[i]*0.004-4;//*config.floatscale[i];//???127??,?????????????0.0078125f;//(yy+(Parameter.Abs_average[i]*255/256))/256; 	
..\..\User\date_process_task.c: 2 warnings, 0 errors
compiling send_buffer_task.c...
..\..\User\send_buffer_task.c(399): warning:  #1-D: last line of file ends without a newline
  }
..\..\User\send_buffer_task.c(248): warning:  #177-D: variable "udp_send_length"  was declared but never referenced
  	uint32_t udp_send_length = 0;
..\..\User\send_buffer_task.c: 2 warnings, 0 errors
compiling Esp32ProcessTask.c...
compiling bsp.c...
..\..\User\bsp\bsp.c(116): warning:  #177-D: variable "PeriphClkInitStruct"  was declared but never referenced
  	RCC_PeriphCLKInitTypeDef PeriphClkInitStruct;
..\..\User\bsp\bsp.c: 1 warning, 0 errors
compiling bsp_fmc_sdram.c...
compiling bsp_tim_pwm.c...
compiling tcp_client.c...
..\..\User\tcp_client.c(105): warning:  #177-D: variable "data_len"  was declared but never referenced
  		uint32_t data_len;
..\..\User\tcp_client.c(111): warning:  #177-D: variable "server_port"  was declared but never referenced
  	u16_t server_port;
..\..\User\tcp_client.c(192): warning:  #940-D: missing return statement at end of non-void function "command_Register" 
  }
..\..\User\tcp_client.c(561): warning:  #1295-D: Deprecated declaration emu_sprase_index - give arg types
  extern void emu_sprase_index();
..\..\User\tcp_client.c(694): warning:  #177-D: variable "channelnum"  was declared but never referenced
  	 uint8_t channelnum=(((uint32_t)CmdBuf[3]<<8)+CmdBuf[2])/17;
..\..\User\tcp_client.c(1084): warning:  #223-D: function "software_reset" declared implicitly
  				  software_reset();
..\..\User\tcp_client.c(1046): warning:  #550-D: variable "write_32_Byte"  was set but never used
  		uint8_t write_32_Byte[64]={0};
..\..\User\tcp_client.c(1467): warning:  #223-D: function "software_reset" declared implicitly
  	software_reset();
..\..\User\tcp_client.c(1474): warning:  #223-D: function "software_reset" declared implicitly
  	software_reset();
..\..\User\tcp_client.c(1650): warning:  #1035-D: single-precision operand implicitly converted to double-precision
  				config.floatadjust[ii] = (Parameter.average[ii] * 0.0 - temp_4_20ma[ii] * 16.0) / (temp_4_20ma[ii]-Parameter.average[ii]);
..\..\User\tcp_client.c(1650): warning:  #1035-D: single-precision operand implicitly converted to double-precision
  				config.floatadjust[ii] = (Parameter.average[ii] * 0.0 - temp_4_20ma[ii] * 16.0) / (temp_4_20ma[ii]-Parameter.average[ii]);
..\..\User\tcp_client.c(1651): warning:  #1035-D: single-precision operand implicitly converted to double-precision
  				config.floatscale[ii]= (0.0 + config.floatadjust[ii]) / temp_4_20ma[ii];
..\..\User\tcp_client.c(1751): warning:  #1035-D: single-precision operand implicitly converted to double-precision
  		 	  config.floatadjust[ii] = (Parameter.average[ii] * 1000.0 - temp0[ii] * 1200.0) / (temp0[ii]-Parameter.average[ii]);
..\..\User\tcp_client.c(1751): warning:  #1035-D: single-precision operand implicitly converted to double-precision
  		 	  config.floatadjust[ii] = (Parameter.average[ii] * 1000.0 - temp0[ii] * 1200.0) / (temp0[ii]-Parameter.average[ii]);
..\..\User\tcp_client.c(1752): warning:  #1035-D: single-precision operand implicitly converted to double-precision
  				config.floatscale[ii]= (1000.0 + config.floatadjust[ii]) / temp0[ii];
..\..\User\tcp_client.c: 15 warnings, 0 errors
compiling bsp_spi_ad7606.c...
compiling stm32h7_flash.c...
compiling bsp_cpu_rtc.c...
compiling bsp_led.c...
compiling iwdg.c...
compiling bsp_esp32.c...
..\..\User\bsp\bsp_esp32.c(409): warning:  #940-D: missing return statement at end of non-void function "Esp32_SetIP_1" 
  }
..\..\User\bsp\bsp_esp32.c(443): warning:  #940-D: missing return statement at end of non-void function "Esp32_SetAP_1" 
  }
..\..\User\bsp\bsp_esp32.c(457): warning:  #940-D: missing return statement at end of non-void function "Esp32_applynetset" 
  }
..\..\User\bsp\bsp_esp32.c(492): warning:  #940-D: missing return statement at end of non-void function "Esp32_SetTCPSERVER_1" 
  }
..\..\User\bsp\bsp_esp32.c: 4 warnings, 0 errors
assembling startup_stm32h743xx.s...
compiling bsp_spi_txrx.c...
compiling bsp_can.c...
bsp_can.c(197): warning:  #940-D: missing return statement at end of non-void function "write_data_canbuf" 
  }
bsp_can.c(257): warning:  #940-D: missing return statement at end of non-void function "AnalyseCan" 
  }
bsp_can.c(261): warning:  #177-D: variable "i"  was declared but never referenced
      uint8_t i=0;
bsp_can.c: 3 warnings, 0 errors
compiling system_stm32h7xx.c...
compiling stm32h7xx_hal.c...
compiling stm32h7xx_hal_adc.c...
compiling stm32h7xx_hal_adc_ex.c...
compiling stm32h7xx_hal_cec.c...
compiling stm32h7xx_hal_comp.c...
compiling stm32h7xx_hal_cortex.c...
compiling stm32h7xx_hal_crc.c...
compiling stm32h7xx_hal_crc_ex.c...
compiling stm32h7xx_hal_cryp.c...
compiling stm32h7xx_hal_dac.c...
compiling stm32h7xx_hal_cryp_ex.c...
compiling stm32h7xx_hal_dac_ex.c...
compiling stm32h7xx_hal_dfsdm.c...
compiling stm32h7xx_hal_dcmi.c...
compiling stm32h7xx_hal_dma_ex.c...
compiling stm32h7xx_hal_dma.c...
compiling stm32h7xx_hal_dma2d.c...
compiling stm32h7xx_hal_eth_ex.c...
compiling stm32h7xx_hal_eth.c...
compiling stm32h7xx_hal_fdcan.c...
compiling stm32h7xx_hal_flash.c...
compiling stm32h7xx_hal_flash_ex.c...
compiling stm32h7xx_hal_hash.c...
compiling stm32h7xx_hal_gpio.c...
compiling stm32h7xx_hal_hash_ex.c...
compiling stm32h7xx_hal_hrtim.c...
compiling stm32h7xx_hal_hcd.c...
compiling stm32h7xx_hal_hsem.c...
compiling stm32h7xx_hal_i2s.c...
compiling stm32h7xx_hal_i2c_ex.c...
compiling stm32h7xx_hal_i2s_ex.c...
compiling stm32h7xx_hal_i2c.c...
compiling stm32h7xx_hal_irda.c...
compiling stm32h7xx_hal_jpeg.c...
compiling stm32h7xx_hal_iwdg.c...
compiling stm32h7xx_hal_ltdc.c...
compiling stm32h7xx_hal_lptim.c...
compiling stm32h7xx_hal_mdios.c...
compiling stm32h7xx_hal_mdma.c...
compiling stm32h7xx_hal_mmc.c...
compiling stm32h7xx_hal_mmc_ex.c...
compiling stm32h7xx_hal_nand.c...
compiling stm32h7xx_hal_nor.c...
compiling stm32h7xx_hal_opamp.c...
compiling stm32h7xx_hal_opamp_ex.c...
compiling stm32h7xx_hal_pcd.c...
compiling stm32h7xx_hal_pcd_ex.c...
compiling stm32h7xx_hal_pwr.c...
compiling stm32h7xx_hal_pwr_ex.c...
compiling stm32h7xx_hal_qspi.c...
compiling stm32h7xx_hal_rcc.c...
compiling stm32h7xx_hal_rcc_ex.c...
compiling stm32h7xx_hal_rng.c...
compiling stm32h7xx_hal_rtc.c...
compiling stm32h7xx_hal_sai.c...
compiling stm32h7xx_hal_rtc_ex.c...
compiling stm32h7xx_hal_sai_ex.c...
compiling stm32h7xx_hal_sd.c...
compiling stm32h7xx_hal_sd_ex.c...
compiling stm32h7xx_hal_smartcard.c...
compiling stm32h7xx_hal_sdram.c...
compiling stm32h7xx_hal_smartcard_ex.c...
compiling stm32h7xx_hal_smbus.c...
compiling stm32h7xx_hal_spdifrx.c...
compiling stm32h7xx_hal_spi_ex.c...
compiling stm32h7xx_hal_spi.c...
compiling stm32h7xx_hal_sram.c...
compiling stm32h7xx_hal_swpmi.c...
compiling stm32h7xx_hal_tim_ex.c...
compiling stm32h7xx_hal_tim.c...
compiling stm32h7xx_hal_uart_ex.c...
compiling stm32h7xx_hal_uart.c...
compiling stm32h7xx_hal_usart.c...
compiling stm32h7xx_hal_wwdg.c...
compiling stm32h7xx_hal_usart_ex.c...
compiling stm32h7xx_ll_fmc.c...
compiling stm32h7xx_it.c...
compiling bsp_debug_usart.c...
compiling core_delay.c...
compiling LAN8720a.c...
compiling croutine.c...
compiling event_groups.c...
compiling list.c...
compiling queue.c...
compiling tasks.c...
compiling timers.c...
compiling heap_4.c...
compiling port.c...
compiling api_lib.c...
compiling err.c...
compiling api_msg.c...
compiling if_api.c...
compiling netbuf.c...
compiling netdb.c...
compiling netifapi.c...
compiling sockets.c...
compiling tcpip.c...
compiling altcp.c...
compiling altcp_tcp.c...
compiling def.c...
compiling altcp_alloc.c...
compiling dns.c...
compiling inet_chksum.c...
compiling init.c...
compiling ip.c...
compiling mem.c...
compiling memp.c...
compiling netif.c...
compiling pbuf.c...
compiling raw.c...
compiling stats.c...
compiling sys.c...
compiling tcp.c...
compiling tcp_in.c...
compiling tcp_out.c...
compiling timeouts.c...
compiling udp.c...
compiling autoip.c...
compiling dhcp.c...
compiling etharp.c...
compiling icmp.c...
compiling igmp.c...
compiling ip4.c...
compiling ip4_addr.c...
compiling ip4_frag.c...
compiling ethernet.c...
compiling lowpan6.c...
compiling lowpan6_ble.c...
compiling lowpan6_common.c...
compiling bridgeif.c...
compiling zepif.c...
compiling clog.c...
compiling ethernetif.c...
compiling sys_arch.c...
compiling SEGGER_RTT.c...
compiling SEGGER_RTT_printf.c...
linking...
Program Size: Code=93260 RO-data=1556 RW-data=13468 ZI-data=4639436  
FromELF: creating hex file...
After Build - User command #1: fromelf.exe --bin -o "..\..\Output\Fire_FreeRTOS.bin" "..\..\Output\Fire_FreeRTOS.axf"
"..\..\Output\Fire_FreeRTOS.axf" - 0 Error(s), 28 Warning(s).

<h2>Software Packages used:</h2>

Package Vendor: ARM
                http://www.keil.com/pack/ARM.CMSIS.5.3.0.pack
                ARM.CMSIS.5.3.0
                CMSIS (Cortex Microcontroller Software Interface Standard)
   * Component: CORE Version: 5.1.1
   * Component: DSP Version: 1.5.2

Package Vendor: Keil
                https://www.keil.com/pack/Keil.STM32H7xx_DFP.2.3.0.pack
                Keil.STM32H7xx_DFP.2.3.0
                STMicroelectronics STM32H7 Series Device Support and Examples

<h2>Collection of Component include folders:</h2>
  .\RTE\_Fire_FreeRTOS
  C:\Keil_v5\ARM\PACK\ARM\CMSIS\5.3.0\CMSIS\Include
  C:\Keil_v5\ARM\PACK\Keil\STM32H7xx_DFP\2.3.0\Drivers\CMSIS\Device\ST\STM32H7xx\Include

<h2>Collection of Component Files used:</h2>

   * Component: ARM::CMSIS:CORE:5.1.1

   * Component: ARM::CMSIS:DSP:1.5.2
      Include file:  CMSIS\Include\arm_math.h
      Library file:  CMSIS\Lib\ARM\arm_cortexM7lfdp_math.lib
Build Time Elapsed:  00:01:44
</pre>
</body>
</html>
