Component: ARM Compiler 5.06 update 6 (build 750) Tool: armlink [4d35ed]

==============================================================================

Section Cross References

    main.o(i.main) refers to rand.o(.text) for rand
    main.o(i.main) refers to bsp.o(i.bsp_Init) for bsp_Init
    main.o(i.main) refers to core_delay.o(i.CPU_TS_Tmr_Delay_US) for CPU_TS_Tmr_Delay_US
    main.o(i.main) refers to bsp_led.o(i.Down_statu2) for Down_statu2
    main.o(i.main) refers to stm32h7_flash.o(i.initEEPROM) for initEEPROM
    main.o(i.main) refers to queue.o(i.xQueueGenericCreate) for xQueueGenericCreate
    main.o(i.main) refers to queue.o(i.xQueueGenericSend) for xQueueGenericSend
    main.o(i.main) refers to bsp_led.o(i.bsp_LedToggle) for bsp_LedToggle
    main.o(i.main) refers to tasks.o(i.xTaskCreate) for xTaskCreate
    main.o(i.main) refers to tasks.o(i.vTaskStartScheduler) for vTaskStartScheduler
    main.o(i.main) refers to main.o(.data) for .data
    main.o(i.main) refers to main.o(.bss) for .bss
    main.o(i.main) refers to tcp_client.o(.data) for joinnetstatue
    main.o(i.main) refers to bsp_esp32.o(.data) for TxdBufTailIndex
    main.o(i.main) refers to esp32processtask.o(i.Esp32ProcessFunction) for Esp32ProcessFunction
    main.o(i.main) refers to tcp_client.o(i.vTaskLwip) for vTaskLwip
    main.o(i.main) refers to main.o(i.vTaskTSendBuf) for vTaskTSendBuf
    main.o(i.main) refers to main.o(i.vTaskTDataProcess) for vTaskTDataProcess
    main.o(i.send_active_beacon) refers to send_buffer_task.o(i.WriteDataToTXDBUF) for WriteDataToTXDBUF
    main.o(i.software_reset) refers to stm32h7xx_hal_cortex.o(i.HAL_NVIC_SystemReset) for HAL_NVIC_SystemReset
    main.o(i.vTaskTDataProcess) refers to date_process_task.o(i.AD7606_TASK) for AD7606_TASK
    main.o(i.vTaskTSendBuf) refers to send_buffer_task.o(i.send_buffer_task) for send_buffer_task
    date_process_task.o(i.AD7606_TASK) refers to queue.o(i.xQueueGenericReceive) for xQueueGenericReceive
    date_process_task.o(i.AD7606_TASK) refers to queue.o(i.xQueueGenericSend) for xQueueGenericSend
    date_process_task.o(i.AD7606_TASK) refers to main.o(.data) for config
    date_process_task.o(i.AD7606_TASK) refers to date_process_task.o(.data) for .data
    date_process_task.o(i.AD7606_TASK) refers to date_process_task.o(.bss) for .bss
    date_process_task.o(i.AD7606_TASK) refers to main.o(.bss) for Parameter
    date_process_task.o(i.AD7606_TASK) refers to main.o(.data) for AD7606_ready
    date_process_task.o(i.AD7606_TASK) refers to bsp_spi_txrx.o(.data) for board_all_read
    date_process_task.o(i.AD7606_TASK) refers to bsp_spi_txrx.o(.data) for CurrentAD7606DataCounter
    date_process_task.o(i.AD7606_TASK) refers to bsp_spi_txrx.o(.RAM_D1) for Ad7606_Data
    date_process_task.o(i.AD7606_TASK) refers to date_process_task.o(.ARM.__AT_0xC0000000) for .ARM.__AT_0xC0000000
    date_process_task.o(i.UpdateAccelerationData) refers to main.o(.data) for config
    date_process_task.o(i.UpdateAccelerationData) refers to date_process_task.o(.data) for .data
    date_process_task.o(i.UpdateAccelerationData) refers to date_process_task.o(.ARM.__AT_0xC0000000) for .ARM.__AT_0xC0000000
    date_process_task.o(i.UpdateTempParameter) refers to main.o(.data) for config
    date_process_task.o(i.UpdateTempParameter) refers to main.o(.bss) for Parameter
    date_process_task.o(i.UpdateTempParameter) refers to date_process_task.o(.bss) for .bss
    date_process_task.o(i.emu_sprase_index) refers to main.o(.data) for config
    date_process_task.o(i.emu_sprase_index) refers to main.o(.bss) for Parameter
    emu_data_task.o(i.BoardAutoPeroidWave) refers to send_buffer_task.o(i.WriteDataToTXDBUF) for WriteDataToTXDBUF
    emu_data_task.o(i.BoardAutoPeroidWave) refers to date_process_task.o(.data) for currentSAMPLEblock
    emu_data_task.o(i.BoardAutoPeroidWave) refers to emu_data_task.o(.data) for .data
    emu_data_task.o(i.BoardAutoPeroidWave) refers to date_process_task.o(.ARM.__AT_0xC0000000) for emu_data
    emu_data_task.o(i.BoardAutoPeroidWave) refers to bsp_spi_txrx.o(.data) for board_all_read
    emu_data_task.o(i.BoardAutoPeroidWave) refers to main.o(.data) for config
    emu_data_task.o(i.BoardAutoPeroidWave) refers to emu_data_task.o(.bss) for .bss
    emu_data_task.o(i.BoardParameter_withtime) refers to send_buffer_task.o(i.WriteDataToTXDBUF) for WriteDataToTXDBUF
    emu_data_task.o(i.BoardParameter_withtime) refers to bsp_cpu_rtc.o(.data) for g_tRTC
    emu_data_task.o(i.BoardParameter_withtime) refers to date_process_task.o(.bss) for PT_Temp
    emu_data_task.o(i.BoardParameter_withtime) refers to main.o(.bss) for Parameter
    emu_data_task.o(i.BoardParameter_withtime) refers to main.o(.data) for config
    emu_data_task.o(i.BoardParameter_withtime) refers to emu_data_task.o(.bss) for .bss
    emu_data_task.o(i.DATA_EMU_TASK) refers to send_buffer_task.o(i.Analytic_Function) for Analytic_Function
[...]
    memp_REASSDATA                           0x08016f9c   Data          12  memp.o(.constdata)
    memp_FRAG_PBUF                           0x08016fa8   Data          12  memp.o(.constdata)
    memp_NETBUF                              0x08016fb4   Data          12  memp.o(.constdata)
    memp_NETCONN                             0x08016fc0   Data          12  memp.o(.constdata)
    memp_TCPIP_MSG_API                       0x08016fcc   Data          12  memp.o(.constdata)
    memp_TCPIP_MSG_INPKT                     0x08016fd8   Data          12  memp.o(.constdata)
    memp_SYS_TIMEOUT                         0x08016fe4   Data          12  memp.o(.constdata)
    memp_PBUF                                0x08016ff0   Data          12  memp.o(.constdata)
    memp_PBUF_POOL                           0x08016ffc   Data          12  memp.o(.constdata)
    memp_pools                               0x08017008   Data          52  memp.o(.constdata)
    tcp_pcb_lists                            0x08017080   Data          16  tcp.o(.constdata)
    lwip_cyclic_timers                       0x08017090   Data          40  timeouts.o(.constdata)
    ip_addr_any                              0x080170b8   Data           4  ip4_addr.o(.constdata)
    ip_addr_broadcast                        0x080170bc   Data           4  ip4_addr.o(.constdata)
    ethbroadcast                             0x080170c0   Data           6  ethernet.o(.constdata)
    ethzero                                  0x080170c6   Data           6  ethernet.o(.constdata)
    memp_RX_POOL                             0x080170cc   Data          12  ethernetif.o(.constdata)
    Region$$Table$$Base                      0x08017240   Number         0  anon$$obj.o(Region$$Table)
    Region$$Table$$Limit                     0x08017260   Number         0  anon$$obj.o(Region$$Table)
    Ad7606_Data                              0x24000000   Data       12288  bsp_spi_txrx.o(.RAM_D1)
    random_time                              0x24003000   Data           1  main.o(.data)
    xHandleTaskLwip                          0x24003004   Data           4  main.o(.data)
    xHandleTaskSendbuf                       0x24003008   Data           4  main.o(.data)
    xHandleDataProcess                       0x2400300c   Data           4  main.o(.data)
    xHandleEsp32ProcessFunction              0x24003010   Data           4  main.o(.data)
    sem_spi_idle                             0x24003014   Data           4  main.o(.data)
    WRITE_ready                              0x24003018   Data           4  main.o(.data)
    SPI_sem_req                              0x2400301c   Data           4  main.o(.data)
    AD7606_ready                             0x24003020   Data           4  main.o(.data)
    SAMPLEDATA_ready                         0x24003024   Data           4  main.o(.data)
    config                                   0x24003028   Data         600  main.o(.data)
    current_rx_machine                       0x24003280   Data           1  main.o(.data)
    currentSAMPLEblock                       0x24003284   Data           4  date_process_task.o(.data)
    halfref                                  0x24003288   Data           4  date_process_task.o(.data)
    ActualIndex                              0x2400328c   Data           4  date_process_task.o(.data)
    test_cent                                0x24003290   Data           1  emu_data_task.o(.data)
    Auto_Wave_packege_flag                   0x24003292   Data           2  emu_data_task.o(.data)
    fftSize                                  0x24003294   Data           4  emu_data_task.o(.data)
    ifftFlag                                 0x24003298   Data           4  emu_data_task.o(.data)
    BoardPeroidWave_packege_flag             0x2400329c   Data           6  emu_data_task.o(.data)
    TransferCompleteDetected                 0x240032a4   Data           2  send_buffer_task.o(.data)
    connect_md                               0x240032ac   Data           1  tcp_client.o(.data)
    udp_server_recvbuf_index_head            0x240032ad   Data           1  tcp_client.o(.data)
    receive_iap_pack_index                   0x240032ae   Data           1  tcp_client.o(.data)
    RxdBytes                                 0x240032b0   Data           2  tcp_client.o(.data)
    CmdBufLength                             0x240032b2   Data           2  tcp_client.o(.data)
    esp32_ready                              0x240032b4   Data           2  tcp_client.o(.data)
    WifiConnectedFlag                        0x240032b6   Data           2  tcp_client.o(.data)
    WifiDisconnectedFlag                     0x240032b8   Data           2  tcp_client.o(.data)
    dest_port                                0x240032ba   Data           2  tcp_client.o(.data)
    tcp_client_server_conn                   0x240032bc   Data           4  tcp_client.o(.data)
    interscale                               0x240032c0   Data           4  tcp_client.o(.data)
    receive_iap_data_length                  0x240032c4   Data           4  tcp_client.o(.data)
    erase_data_length                        0x240032c8   Data           4  tcp_client.o(.data)
    iap_num                                  0x240032cc   Data           4  tcp_client.o(.data)
    dest_ipaddr                              0x240032d4   Data           4  tcp_client.o(.data)
    Requirdperiodwave_tRTC                   0x240032d8   Data           8  tcp_client.o(.data)
    joinnetstatue                            0x240032e0   Data           8  tcp_client.o(.data)
    llength                                  0x240032e8   Data           4  stm32h7_flash.o(.data)
    RxdBufHeadIndex                          0x240032ec   Data           2  bsp_esp32.o(.data)
    RxdBufTailIndex                          0x240032ee   Data           2  bsp_esp32.o(.data)
    TxdBufHeadIndex                          0x240032f0   Data           4  bsp_esp32.o(.data)
    TxdBufTailIndex                          0x240032f4   Data           4  bsp_esp32.o(.data)
    current_read_statue                      0x240032f8   Data           1  bsp_spi_txrx.o(.data)
    board_all_read                           0x240032f9   Data           1  bsp_spi_txrx.o(.data)
    wTransferState                           0x240032fc   Data           4  bsp_spi_txrx.o(.data)
    test1                                    0x24003300   Data           4  bsp_spi_txrx.o(.data)
    test2                                    0x24003304   Data           4  bsp_spi_txrx.o(.data)
    AD7606DataCounter                        0x24003308   Data           4  bsp_spi_txrx.o(.data)
    CurrentAD7606DataCounter                 0x2400330c   Data           4  bsp_spi_txrx.o(.data)
    rxdata                                   0x24003310   Data           8  bsp_can.o(.data)
    can_txddata                              0x24003318   Data           8  bsp_can.o(.data)
    SystemCoreClock                          0x24003320   Data           4  system_stm32h7xx.o(.data)
    SystemD2Clock                            0x24003324   Data           4  system_stm32h7xx.o(.data)
    pxCurrentTCB                             0x24003334   Data           4  tasks.o(.data)
    lock_tcpip_core                          0x240033a0   Data           4  tcpip.o(.data)
    netif_list                               0x240033ec   Data           4  netif.o(.data)
    netif_default                            0x240033f0   Data           4  netif.o(.data)
    tcp_active_pcbs_changed                  0x240033f4   Data           1  tcp.o(.data)
    tcp_ticks                                0x24003400   Data           4  tcp.o(.data)
    tcp_bound_pcbs                           0x24003404   Data           4  tcp.o(.data)
    tcp_listen_pcbs                          0x24003408   Data           4  tcp.o(.data)
    tcp_active_pcbs                          0x2400340c   Data           4  tcp.o(.data)
    tcp_tw_pcbs                              0x24003410   Data           4  tcp.o(.data)
    tcp_input_pcb                            0x24003434   Data           4  tcp_in.o(.data)
    udp_pcbs                                 0x24003448   Data           4  udp.o(.data)
    dhcp_rx_options_given                    0x24003458   Data           8  dhcp.o(.data)
    s_xSemaphore                             0x2400346c   Data           4  ethernetif.o(.data)
    tx_sem                                   0x24003470   Data           4  ethernetif.o(.data)
    eth_tx_mb                                0x24003474   Data           4  ethernetif.o(.data)
    lwip_sys_now                             0x24003484   Data           4  sys_arch.o(.data)
    ipaddr                                   0x24003488   Data           4  sys_arch.o(.data)
    netmask                                  0x2400348c   Data           4  sys_arch.o(.data)
    gw                                       0x24003490   Data           4  sys_arch.o(.data)
    __stdout                                 0x24003498   Data           4  stdout.o(.data)
    Parameter                                0x240034a0   Data        3416  main.o(.bss)
    TXDBUF                                   0x240041f8   Data        3120  date_process_task.o(.bss)
    wp                                       0x24004e28   Data          64  date_process_task.o(.bss)
    jiaoyansum                               0x24004e68   Data          16  date_process_task.o(.bss)
    AD_ZERO                                  0x24004e78   Data          32  date_process_task.o(.bss)
    AD_ZEROlowpass                           0x24004e98   Data          32  date_process_task.o(.bss)
    AD_INTER                                 0x24004eb8   Data          32  date_process_task.o(.bss)
    lastdata                                 0x24004ed8   Data          32  date_process_task.o(.bss)
    filtercounter                            0x24004ef8   Data          32  date_process_task.o(.bss)
    sprase_counter                           0x24004f18   Data         144  date_process_task.o(.bss)
    StoreDateIndex                           0x24004fa8   Data         144  date_process_task.o(.bss)
    TEMPwp                                   0x24005038   Data          32  date_process_task.o(.bss)
    Temp_sum                                 0x24005058   Data          32  date_process_task.o(.bss)
    I_4_20MA                                 0x24005078   Data          32  emu_data_task.o(.bss)
    PeriodWaveToSend_Continuous              0x24005098   Data        3120  emu_data_task.o(.bss)
    MDMA_Handle                              0x24005cc8   Data         108  send_buffer_task.o(.bss)
    RxdTelBuf                                0x24005d34   Data          20  tcp_client.o(.bss)
    RXDCmdBuf                                0x24005d48   Data          10  tcp_client.o(.bss)
    udp_server_recvbuf_index                 0x24005d52   Data        2500  tcp_client.o(.bss)
    dest_port_buf                            0x24006716   Data         100  tcp_client.o(.bss)
    temp_4_20ma                              0x2400677c   Data          32  tcp_client.o(.bss)
    temp0                                    0x2400679c   Data          32  tcp_client.o(.bss)
    RtcHandle                                0x240067bc   Data          36  bsp_cpu_rtc.o(.bss)
    TXDBUFLength                             0x240067e0   Data        2048  bsp_esp32.o(.bss)
    huart3                                   0x24006fe0   Data         140  bsp_esp32.o(.bss)
    hdma_usart3_tx                           0x2400706c   Data         120  bsp_esp32.o(.bss)
    a_uart_RxBuffer                          0x240070e4   Data          20  bsp_esp32.o(.bss)
    RxdBuf                                   0x240070f8   Data        1024  bsp_esp32.o(.bss)
    SpiHandle                                0x240074f8   Data         136  bsp_spi_txrx.o(.bss)
    FDCAN1_Handler                           0x24007670   Data         160  bsp_can.o(.bss)
    FDCAN1_RxHeader                          0x24007710   Data          40  bsp_can.o(.bss)
    pFlash                                   0x24007738   Data          28  stm32h7xx_hal_flash.o(.bss)
    UartHandle                               0x24007754   Data         140  bsp_debug_usart.o(.bss)
    xQueueRegistry                           0x240077e0   Data          80  queue.o(.bss)
    ip_data                                  0x24012f14   Data          24  ip.o(.bss)
    ram_heap                                 0x24012f2c   Data       25619  mem.o(.bss)
    memp_memory_UDP_PCB_base                 0x2401933f   Data         131  memp.o(.bss)
    memp_memory_TCP_PCB_base                 0x240193c2   Data         915  memp.o(.bss)
    memp_memory_TCP_PCB_LISTEN_base          0x24019755   Data         171  memp.o(.bss)
    memp_memory_TCP_SEG_base                 0x24019800   Data        1923  memp.o(.bss)
    memp_memory_REASSDATA_base               0x24019f83   Data         163  memp.o(.bss)
    memp_memory_FRAG_PBUF_base               0x2401a026   Data         363  memp.o(.bss)
    memp_memory_NETBUF_base                  0x2401a191   Data          35  memp.o(.bss)
    memp_memory_NETCONN_base                 0x2401a1b4   Data         163  memp.o(.bss)
    memp_memory_TCPIP_MSG_API_base           0x2401a257   Data         131  memp.o(.bss)
    memp_memory_TCPIP_MSG_INPKT_base         0x2401a2da   Data         131  memp.o(.bss)
    memp_memory_SYS_TIMEOUT_base             0x2401a35d   Data          99  memp.o(.bss)
    memp_memory_PBUF_base                    0x2401a3c0   Data         403  memp.o(.bss)
    memp_memory_PBUF_POOL_base               0x2401a553   Data       45963  memp.o(.bss)
    dhcp_rx_options_val                      0x240258f0   Data          32  dhcp.o(.bss)
    EthHandle                                0x24025a00   Data         112  ethernetif.o(.bss)
    TxConfig                                 0x24025a70   Data          52  ethernetif.o(.bss)
    MACConfig                                0x24025aa4   Data         100  ethernetif.o(.bss)
    memp_memory_RX_POOL_base                 0x24025b08   Data         403  ethernetif.o(.bss)
    gnetif                                   0x24025cbc   Data          52  sys_arch.o(.bss)
    _SEGGER_RTT                              0x24025cf0   Data         168  segger_rtt.o(.bss)
    __initial_sp                             0x240265a8   Data           0  startup_stm32h743xx.o(STACK)
    aRxBuffer                                0x30000000   Data        1024  bsp_spi_txrx.o(.ARM.__AT_0x30000000)
    aTxBuffer                                0x30002000   Data        1024  bsp_spi_txrx.o(.ARM.__AT_0x30002000)
    DMARxDscrTab                             0x30040000   Data          96  ethernetif.o(.ARM.__AT_0x30040000)
    DMATxDscrTab                             0x30040060   Data          96  ethernetif.o(.ARM.__AT_0x30040060)
    Rx_Buff                                  0x30040200   Data        6144  ethernetif.o(.ARM.__AT_0x30040200)
    emu_data                                 0xc0000000   Data       3686400  date_process_task.o(.ARM.__AT_0xC0000000)
    CmdBuf                                   0xc03e0000   Data        1024  tcp_client.o(.ARM.__AT_0xC03E0000)
    iap_data_in_sdram                        0xc1000000   Data       800000  tcp_client.o(.ARM.__AT_0xC1000000)



==============================================================================

Memory Map of the image

  Image Entry point : 0x08000299

  Load Region LR_IROM1 (Base: 0x08000000, Size: 0x0001a6fc, Max: 0x00060000, ABSOLUTE, COMPRESSED[0x000173a4])

    Execution Region ER_IROM1 (Exec base: 0x08000000, Load base: 0x08000000, Size: 0x00017260, Max: 0x00060000, ABSOLUTE)

    Exec Addr    Load Addr    Size         Type   Attr      Idx    E Section Name        Object

    0x08000000   0x08000000   0x00000298   Data   RO         1930    RESET               startup_stm32h743xx.o
    0x08000298   0x08000298   0x00000000   Code   RO        13984  * .ARM.Collect$$$$00000000  mc_w.l(entry.o)
    0x08000298   0x08000298   0x00000004   Code   RO        14299    .ARM.Collect$$$$00000001  mc_w.l(entry2.o)
    0x0800029c   0x0800029c   0x00000004   Code   RO        14302    .ARM.Collect$$$$00000004  mc_w.l(entry5.o)
    0x080002a0   0x080002a0   0x00000000   Code   RO        14304    .ARM.Collect$$$$00000008  mc_w.l(entry7b.o)
    0x080002a0   0x080002a0   0x00000000   Code   RO        14306    .ARM.Collect$$$$0000000A  mc_w.l(entry8b.o)
    0x080002a0   0x080002a0   0x00000008   Code   RO        14307    .ARM.Collect$$$$0000000B  mc_w.l(entry9a.o)
    0x080002a8   0x080002a8   0x00000000   Code   RO        14309    .ARM.Collect$$$$0000000D  mc_w.l(entry10a.o)
    0x080002a8   0x080002a8   0x00000000   Code   RO        14311    .ARM.Collect$$$$0000000F  mc_w.l(entry11a.o)
    0x080002a8   0x080002a8   0x00000004   Code   RO        14300    .ARM.Collect$$$$00002712  mc_w.l(entry2.o)
    0x080002ac   0x080002ac   0x000000ba   Code   RO        10252    .emb_text           port.o
    0x08000366   0x08000366   0x00000002   PAD
    0x08000368   0x08000368   0x00000024   Code   RO         1931    .text               startup_stm32h743xx.o
    0x0800038c   0x0800038c   0x00000062   Code   RO        13987    .text               mc_w.l(uldiv.o)
    0x080003ee   0x080003ee   0x00000002   PAD
    0x080003f0   0x080003f0   0x00000024   Code   RO        14017    .text               mc_w.l(rand.o)
    0x08000414   0x08000414   0x00000040   Code   RO        14022    .text               mc_w.l(memmovea.o)
    0x08000454   0x08000454   0x00000024   Code   RO        14024    .text               mc_w.l(memseta.o)
    0x08000478   0x08000478   0x0000001a   Code   RO        14028    .text               mc_w.l(memcmp.o)
    0x08000492   0x08000492   0x0000001e   Code   RO        14316    .text               mc_w.l(llshl.o)
    0x080004b0   0x080004b0   0x00000020   Code   RO        14318    .text               mc_w.l(llushr.o)
    0x080004d0   0x080004d0   0x00000024   Code   RO        14340    .text               mc_w.l(init.o)
    0x080004f4   0x080004f4   0x00000056   Code   RO        14358    .text               mc_w.l(__dczerorl2.o)
    0x0800054a   0x0800054a   0x00000002   PAD
    0x0800054c   0x0800054c   0x0000006c   Code   RO         1467    i.AD7606_StartRecord  bsp_spi_ad7606.o
    0x080005b8   0x080005b8   0x00000038   Code   RO         1468    i.AD7606_StopRecord  bsp_spi_ad7606.o
    0x080005f0   0x080005f0   0x00000398   Code   RO          392    i.AD7606_TASK       date_process_task.o
    0x08000988   0x08000988   0x000000e0   Code   RO         1855    i.AnalyseCan        bsp_can.o
    0x08000a68   0x08000a68   0x0000014c   Code   RO          472    i.BoardAutoPeroidWave  emu_data_task.o
    0x08000bb4   0x08000bb4   0x00000002   Code   RO         9369    i.BusFault_Handler  stm32h7xx_it.o
    0x08000bb6   0x08000bb6   0x00000002   PAD
    0x08000bb8   0x08000bb8   0x00000050   Code   RO         9494    i.CPU_TS_Tmr_Delay_US  core_delay.o
    0x08000c08   0x08000c08   0x0000000c   Code   RO         1761    i.DMA2_Stream2_IRQHandler  bsp_spi_txrx.o
    0x08000c14   0x08000c14   0x0000000c   Code   RO         1762    i.DMA2_Stream3_IRQHandler  bsp_spi_txrx.o
    0x08000c20   0x08000c20   0x0000000c   Code   RO         1619    i.DMA2_Stream7_IRQHandler  bsp_esp32.o
    0x08000c2c   0x08000c2c   0x000000dc   Code   RO         2995    i.DMA_CalcBaseAndBitshift  stm32h7xx_hal_dma.o
    0x08000d08   0x08000d08   0x00000184   Code   RO         2996    i.DMA_SetConfig     stm32h7xx_hal_dma.o
    0x08000e8c   0x08000e8c   0x00000002   Code   RO         9370    i.DebugMon_Handler  stm32h7xx_it.o
    0x08000e8e   0x08000e8e   0x00000002   PAD
    0x08000e90   0x08000e90   0x00000020   Code   RO         1577    i.Down_statu2       bsp_led.o
    0x08000eb0   0x08000eb0   0x00000028   Code   RO         9534    i.ETH_IRQHandler    lan8720a.o
    0x08000ed8   0x08000ed8   0x0000030c   Code   RO         3185    i.ETH_Prepare_Tx_Descriptors  stm32h7xx_hal_eth.o
    0x080011e4   0x080011e4   0x000001c0   Code   RO         3186    i.ETH_SetMACConfig  stm32h7xx_hal_eth.o
    0x080013a4   0x080013a4   0x00000008   Code   RO         1763    i.EXTI15_10_IRQHandler  bsp_spi_txrx.o
    0x080013ac   0x080013ac   0x00000006   Code   RO         1764    i.EXTI9_5_IRQHandler  bsp_spi_txrx.o
    0x080013b2   0x080013b2   0x00000008   Code   RO         1198    i.Error_Handler     bsp.o
    0x080013ba   0x080013ba   0x00000002   PAD
    0x080013bc   0x080013bc   0x0000004c   Code   RO         1156    i.Esp32ProcessFunction  esp32processtask.o
    0x08001408   0x08001408   0x0000000c   Code   RO         1856    i.FDCAN1_IT0_IRQHandler  bsp_can.o
    0x08001414   0x08001414   0x000000f0   Code   RO         4225    i.FLASH_WaitForLastOperation  stm32h7xx_hal_flash.o
    0x08001504   0x08001504   0x0000007a   Code   RO         9234    i.FMC_SDRAM_Init    stm32h7xx_ll_fmc.o
    0x0800157e   0x0800157e   0x00000010   Code   RO         9235    i.FMC_SDRAM_ProgramRefreshRate  stm32h7xx_ll_fmc.o
    0x0800158e   0x0800158e   0x00000028   Code   RO         9236    i.FMC_SDRAM_SendCommand  stm32h7xx_ll_fmc.o
    0x080015b6   0x080015b6   0x00000002   PAD
    0x080015b8   0x080015b8   0x000000c8   Code   RO         9238    i.FMC_SDRAM_Timing_Init  stm32h7xx_ll_fmc.o
    0x08001680   0x08001680   0x000001bc   Code   RO         2998    i.HAL_DMA_Abort_IT  stm32h7xx_hal_dma.o
    0x0800183c   0x0800183c   0x0000074c   Code   RO         3002    i.HAL_DMA_IRQHandler  stm32h7xx_hal_dma.o
    0x08001f88   0x08001f88   0x0000047c   Code   RO         3003    i.HAL_DMA_Init      stm32h7xx_hal_dma.o
    0x08002404   0x08002404   0x000001f8   Code   RO         3007    i.HAL_DMA_Start_IT  stm32h7xx_hal_dma.o
    0x080025fc   0x080025fc   0x00000028   Code   RO         1982    i.HAL_Delay         stm32h7xx_hal.o
    0x08002624   0x08002624   0x0000008a   Code   RO         3187    i.HAL_ETH_BuildRxDescriptors  stm32h7xx_hal_eth.o
    0x080026ae   0x080026ae   0x00000002   Code   RO         3188    i.HAL_ETH_DMAErrorCallback  stm32h7xx_hal_eth.o
    0x080026b0   0x080026b0   0x00000052   Code   RO         3190    i.HAL_ETH_DescAssignMemory  stm32h7xx_hal_eth.o
    0x08002702   0x08002702   0x00000002   Code   RO         3191    i.HAL_ETH_EEECallback  stm32h7xx_hal_eth.o
    0x08002704   0x08002704   0x000001bc   Code   RO         3197    i.HAL_ETH_GetMACConfig  stm32h7xx_hal_eth.o
    0x080028c0   0x080028c0   0x000000a2   Code   RO         3201    i.HAL_ETH_GetRxDataBuffer  stm32h7xx_hal_eth.o
    0x08002962   0x08002962   0x00000036   Code   RO         3203    i.HAL_ETH_GetRxDataLength  stm32h7xx_hal_eth.o
    0x08002998   0x08002998   0x0000013e   Code   RO         3205    i.HAL_ETH_IRQHandler  stm32h7xx_hal_eth.o
    0x08002ad6   0x08002ad6   0x00000002   PAD
    0x08002ad8   0x08002ad8   0x0000036c   Code   RO         3206    i.HAL_ETH_Init      stm32h7xx_hal_eth.o
    0x08002e44   0x08002e44   0x00000100   Code   RO         3207    i.HAL_ETH_IsRxDataAvailable  stm32h7xx_hal_eth.o
    0x08002f44   0x08002f44   0x00000002   Code   RO         3208    i.HAL_ETH_MACErrorCallback  stm32h7xx_hal_eth.o
    0x08002f46   0x08002f46   0x00000002   PAD
    0x08002f48   0x08002f48   0x00000180   Code   RO         9536    i.HAL_ETH_MspInit   lan8720a.o
    0x080030c8   0x080030c8   0x00000002   Code   RO         3211    i.HAL_ETH_PMTCallback  stm32h7xx_hal_eth.o
    0x080030ca   0x080030ca   0x0000006a   Code   RO         3212    i.HAL_ETH_ReadPHYRegister  stm32h7xx_hal_eth.o
    0x08003134   0x08003134   0x00000034   Code   RO         9537    i.HAL_ETH_RxCpltCallback  lan8720a.o
    0x08003168   0x08003168   0x00000016   Code   RO         3216    i.HAL_ETH_SetMACConfig  stm32h7xx_hal_eth.o
    0x0800317e   0x0800317e   0x000000bc   Code   RO         3223    i.HAL_ETH_Start_IT  stm32h7xx_hal_eth.o
    0x0800323a   0x0800323a   0x000000aa   Code   RO         3225    i.HAL_ETH_Stop_IT   stm32h7xx_hal_eth.o
    0x080032e4   0x080032e4   0x000000ce   Code   RO         3226    i.HAL_ETH_Transmit  stm32h7xx_hal_eth.o
    0x080033b2   0x080033b2   0x00000002   Code   RO         9538    i.HAL_ETH_TxCpltCallback  lan8720a.o
    0x080033b4   0x080033b4   0x00000002   Code   RO         3229    i.HAL_ETH_WakeUpCallback  stm32h7xx_hal_eth.o
    0x080033b6   0x080033b6   0x00000002   PAD
    0x080033b8   0x080033b8   0x00000070   Code   RO         3230    i.HAL_ETH_WritePHYRegister  stm32h7xx_hal_eth.o
    0x08003428   0x08003428   0x00000010   Code   RO         1991    i.HAL_EnableCompensationCell  stm32h7xx_hal.o
    0x08003438   0x08003438   0x000000a4   Code   RO         3616    i.HAL_FDCAN_ActivateNotification  stm32h7xx_hal_fdcan.o
    0x080034dc   0x080034dc   0x00000108   Code   RO         3618    i.HAL_FDCAN_AddMessageToTxFifoQ  stm32h7xx_hal_fdcan.o
    0x080035e4   0x080035e4   0x00000002   Code   RO         3619    i.HAL_FDCAN_ClockCalibrationCallback  stm32h7xx_hal_fdcan.o
    0x080035e6   0x080035e6   0x00000090   Code   RO         3623    i.HAL_FDCAN_ConfigFilter  stm32h7xx_hal_fdcan.o
    0x08003676   0x08003676   0x000000b0   Code   RO         3631    i.HAL_FDCAN_DeInit  stm32h7xx_hal_fdcan.o
    0x08003726   0x08003726   0x00000002   Code   RO         3645    i.HAL_FDCAN_ErrorCallback  stm32h7xx_hal_fdcan.o
    0x08003728   0x08003728   0x00000002   Code   RO         3646    i.HAL_FDCAN_ErrorStatusCallback  stm32h7xx_hal_fdcan.o
    0x0800372a   0x0800372a   0x00000002   PAD
    0x0800372c   0x0800372c   0x000001a4   Code   RO         3657    i.HAL_FDCAN_GetRxMessage  stm32h7xx_hal_fdcan.o
    0x080038d0   0x080038d0   0x00000002   Code   RO         3663    i.HAL_FDCAN_HighPriorityMessageCallback  stm32h7xx_hal_fdcan.o
    0x080038d2   0x080038d2   0x00000002   PAD
    0x080038d4   0x080038d4   0x00000318   Code   RO         3664    i.HAL_FDCAN_IRQHandler  stm32h7xx_hal_fdcan.o
    0x08003bec   0x08003bec   0x00000462   Code   RO         3665    i.HAL_FDCAN_Init    stm32h7xx_hal_fdcan.o
    0x0800404e   0x0800404e   0x00000002   PAD
    0x08004050   0x08004050   0x0000001c   Code   RO         1857    i.HAL_FDCAN_MspDeInit  bsp_can.o
    0x0800406c   0x0800406c   0x00000078   Code   RO         1858    i.HAL_FDCAN_MspInit  bsp_can.o
    0x080040e4   0x080040e4   0x00000002   Code   RO         3674    i.HAL_FDCAN_RxBufferNewMessageCallback  stm32h7xx_hal_fdcan.o
    0x080040e6   0x080040e6   0x00000002   PAD
    0x080040e8   0x080040e8   0x00000030   Code   RO         1859    i.HAL_FDCAN_RxFifo0Callback  bsp_can.o
    0x08004118   0x08004118   0x00000002   Code   RO         3676    i.HAL_FDCAN_RxFifo1Callback  stm32h7xx_hal_fdcan.o
    0x0800411a   0x0800411a   0x00000032   Code   RO         3677    i.HAL_FDCAN_Start   stm32h7xx_hal_fdcan.o
    0x0800414c   0x0800414c   0x00000002   Code   RO         3699    i.HAL_FDCAN_TT_GlobalTimeCallback  stm32h7xx_hal_fdcan.o
    0x0800414e   0x0800414e   0x00000002   Code   RO         3700    i.HAL_FDCAN_TT_ScheduleSyncCallback  stm32h7xx_hal_fdcan.o
    0x08004150   0x08004150   0x00000002   Code   RO         3705    i.HAL_FDCAN_TT_StopWatchCallback  stm32h7xx_hal_fdcan.o
    0x08004152   0x08004152   0x00000002   Code   RO         3706    i.HAL_FDCAN_TT_TimeMarkCallback  stm32h7xx_hal_fdcan.o
    0x08004154   0x08004154   0x00000002   Code   RO         3707    i.HAL_FDCAN_TimeoutOccurredCallback  stm32h7xx_hal_fdcan.o
    0x08004156   0x08004156   0x00000002   Code   RO         3708    i.HAL_FDCAN_TimestampWraparoundCallback  stm32h7xx_hal_fdcan.o
    0x08004158   0x08004158   0x00000002   Code   RO         3709    i.HAL_FDCAN_TxBufferAbortCallback  stm32h7xx_hal_fdcan.o
    0x0800415a   0x0800415a   0x00000002   Code   RO         3710    i.HAL_FDCAN_TxBufferCompleteCallback  stm32h7xx_hal_fdcan.o
    0x0800415c   0x0800415c   0x00000002   Code   RO         3711    i.HAL_FDCAN_TxEventFifoCallback  stm32h7xx_hal_fdcan.o
    0x0800415e   0x0800415e   0x00000002   Code   RO         3712    i.HAL_FDCAN_TxFifoEmptyCallback  stm32h7xx_hal_fdcan.o
    0x08004160   0x08004160   0x0000020c   Code   RO         4332    i.HAL_FLASHEx_Erase  stm32h7xx_hal_flash_ex.o
    0x0800436c   0x0800436c   0x00000034   Code   RO         4229    i.HAL_FLASH_Lock    stm32h7xx_hal_flash.o
    0x080043a0   0x080043a0   0x000000b4   Code   RO         4234    i.HAL_FLASH_Program  stm32h7xx_hal_flash.o
    0x08004454   0x08004454   0x0000004c   Code   RO         4236    i.HAL_FLASH_Unlock  stm32h7xx_hal_flash.o
    0x080044a0   0x080044a0   0x0000006c   Code   RO         1765    i.HAL_GPIO_EXTI_Callback  bsp_spi_txrx.o
    0x0800450c   0x0800450c   0x0000001a   Code   RO         4410    i.HAL_GPIO_EXTI_IRQHandler  stm32h7xx_hal_gpio.o
    0x08004526   0x08004526   0x00000002   PAD
    0x08004528   0x08004528   0x00000234   Code   RO         4411    i.HAL_GPIO_Init     stm32h7xx_hal_gpio.o
    0x0800475c   0x0800475c   0x0000000e   Code   RO         4414    i.HAL_GPIO_TogglePin  stm32h7xx_hal_gpio.o
    0x0800476a   0x0800476a   0x0000000a   Code   RO         4415    i.HAL_GPIO_WritePin  stm32h7xx_hal_gpio.o
    0x08004774   0x08004774   0x0000000c   Code   RO         1997    i.HAL_GetREVID      stm32h7xx_hal.o
    0x08004780   0x08004780   0x0000001c   Code   RO         9495    i.HAL_GetTick       core_delay.o
    0x0800479c   0x0800479c   0x00000010   Code   RO         2001    i.HAL_IncTick       stm32h7xx_hal.o
    0x080047ac   0x080047ac   0x00000060   Code   RO         2002    i.HAL_Init          stm32h7xx_hal.o
    0x0800480c   0x0800480c   0x00000024   Code   RO         9496    i.HAL_InitTick      core_delay.o
    0x08004830   0x08004830   0x000001a8   Code   RO         5264    i.HAL_MDMA_IRQHandler  stm32h7xx_hal_mdma.o
    0x080049d8   0x080049d8   0x00000124   Code   RO         5265    i.HAL_MDMA_Init     stm32h7xx_hal_mdma.o
    0x08004afc   0x08004afc   0x00000066   Code   RO         5272    i.HAL_MDMA_RegisterCallback  stm32h7xx_hal_mdma.o
    0x08004b62   0x08004b62   0x00000002   PAD
    0x08004b64   0x08004b64   0x00000110   Code   RO         5274    i.HAL_MDMA_Start_IT  stm32h7xx_hal_mdma.o
    0x08004c74   0x08004c74   0x00000060   Code   RO         2716    i.HAL_MPU_ConfigRegion  stm32h7xx_hal_cortex.o
    0x08004cd4   0x08004cd4   0x00000020   Code   RO         2717    i.HAL_MPU_Disable   stm32h7xx_hal_cortex.o
    0x08004cf4   0x08004cf4   0x00000024   Code   RO         2718    i.HAL_MPU_Enable    stm32h7xx_hal_cortex.o
    0x08004d18   0x08004d18   0x00000002   Code   RO         2005    i.HAL_MspInit       stm32h7xx_hal.o
    0x08004d1a   0x08004d1a   0x00000026   Code   RO         2720    i.HAL_NVIC_DisableIRQ  stm32h7xx_hal_cortex.o
    0x08004d40   0x08004d40   0x0000001e   Code   RO         2721    i.HAL_NVIC_EnableIRQ  stm32h7xx_hal_cortex.o
    0x08004d5e   0x08004d5e   0x00000002   PAD
    0x08004d60   0x08004d60   0x00000060   Code   RO         2727    i.HAL_NVIC_SetPriority  stm32h7xx_hal_cortex.o
    0x08004dc0   0x08004dc0   0x00000024   Code   RO         2728    i.HAL_NVIC_SetPriorityGrouping  stm32h7xx_hal_cortex.o
    0x08004de4   0x08004de4   0x00000010   Code   RO         5540    i.HAL_PWR_EnableBkUpAccess  stm32h7xx_hal_pwr.o
    0x08004df4   0x08004df4   0x0000002c   Code   RO         6264    i.HAL_RCCEx_GetD1SysClockFreq  stm32h7xx_hal_rcc_ex.o
    0x08004e20   0x08004e20   0x00000970   Code   RO         6272    i.HAL_RCCEx_PeriphCLKConfig  stm32h7xx_hal_rcc_ex.o
    0x08005790   0x08005790   0x0000026c   Code   RO         6151    i.HAL_RCC_ClockConfig  stm32h7xx_hal_rcc.o
    0x080059fc   0x080059fc   0x0000002c   Code   RO         6156    i.HAL_RCC_GetHCLKFreq  stm32h7xx_hal_rcc.o
    0x08005a28   0x08005a28   0x000001a8   Code   RO         6160    i.HAL_RCC_GetSysClockFreq  stm32h7xx_hal_rcc.o
    0x08005bd0   0x08005bd0   0x000005a4   Code   RO         6163    i.HAL_RCC_OscConfig  stm32h7xx_hal_rcc.o
    0x08006174   0x08006174   0x0000000a   Code   RO         6573    i.HAL_RTCEx_BKUPRead  stm32h7xx_hal_rtc_ex.o
    0x0800617e   0x0800617e   0x0000000a   Code   RO         6574    i.HAL_RTCEx_BKUPWrite  stm32h7xx_hal_rtc_ex.o
    0x08006188   0x08006188   0x000000e2   Code   RO         6444    i.HAL_RTC_Init      stm32h7xx_hal_rtc.o
    0x0800626a   0x0800626a   0x00000002   Code   RO         6446    i.HAL_RTC_MspInit   stm32h7xx_hal_rtc.o
    0x0800626c   0x0800626c   0x0000012e   Code   RO         6450    i.HAL_RTC_SetDate   stm32h7xx_hal_rtc.o
    0x0800639a   0x0800639a   0x00000002   PAD
    0x0800639c   0x0800639c   0x00000154   Code   RO         6451    i.HAL_RTC_SetTime   stm32h7xx_hal_rtc.o
    0x080064f0   0x080064f0   0x00000050   Code   RO         6890    i.HAL_SDRAM_Init    stm32h7xx_hal_sdram.o
    0x08006540   0x08006540   0x00000002   Code   RO         6892    i.HAL_SDRAM_MspInit  stm32h7xx_hal_sdram.o
    0x08006542   0x08006542   0x00000030   Code   RO         6893    i.HAL_SDRAM_ProgramRefreshRate  stm32h7xx_hal_sdram.o
    0x08006572   0x08006572   0x0000003a   Code   RO         6899    i.HAL_SDRAM_SendCommand  stm32h7xx_hal_sdram.o
    0x080065ac   0x080065ac   0x0000000c   Code   RO         1766    i.HAL_SPI_ErrorCallback  bsp_spi_txrx.o
    0x080065b8   0x080065b8   0x00000280   Code   RO         7137    i.HAL_SPI_IRQHandler  stm32h7xx_hal_spi.o
    0x08006838   0x08006838   0x0000016c   Code   RO         7138    i.HAL_SPI_Init      stm32h7xx_hal_spi.o
    0x080069a4   0x080069a4   0x00000168   Code   RO         1767    i.HAL_SPI_MspInit   bsp_spi_txrx.o
    0x08006b0c   0x08006b0c   0x00000002   Code   RO         7144    i.HAL_SPI_RxCpltCallback  stm32h7xx_hal_spi.o
    0x08006b0e   0x08006b0e   0x00000002   Code   RO         7152    i.HAL_SPI_TxCpltCallback  stm32h7xx_hal_spi.o
    0x08006b10   0x08006b10   0x00000158   Code   RO         1768    i.HAL_SPI_TxRxCpltCallback  bsp_spi_txrx.o
    0x08006c68   0x08006c68   0x00000014   Code   RO         2014    i.HAL_SYSCFG_ETHInterfaceSelect  stm32h7xx_hal.o
    0x08006c7c   0x08006c7c   0x0000033c   Code   RO         7552    i.HAL_TIM_PWM_ConfigChannel  stm32h7xx_hal_tim.o
    0x08006fb8   0x08006fb8   0x0000003a   Code   RO         7553    i.HAL_TIM_PWM_DeInit  stm32h7xx_hal_tim.o
    0x08006ff2   0x08006ff2   0x00000036   Code   RO         7555    i.HAL_TIM_PWM_Init  stm32h7xx_hal_tim.o
    0x08007028   0x08007028   0x00000002   Code   RO         7556    i.HAL_TIM_PWM_MspDeInit  stm32h7xx_hal_tim.o
    0x0800702a   0x0800702a   0x00000002   Code   RO         7557    i.HAL_TIM_PWM_MspInit  stm32h7xx_hal_tim.o
    0x0800702c   0x0800702c   0x00000078   Code   RO         7560    i.HAL_TIM_PWM_Start  stm32h7xx_hal_tim.o
    0x080070a4   0x080070a4   0x00000002   Code   RO         8774    i.HAL_UARTEx_RxFifoFullCallback  stm32h7xx_hal_uart_ex.o
    0x080070a6   0x080070a6   0x00000002   Code   RO         8778    i.HAL_UARTEx_TxFifoEmptyCallback  stm32h7xx_hal_uart_ex.o
    0x080070a8   0x080070a8   0x00000002   Code   RO         8779    i.HAL_UARTEx_WakeupCallback  stm32h7xx_hal_uart_ex.o
    0x080070aa   0x080070aa   0x00000002   Code   RO         8425    i.HAL_UART_ErrorCallback  stm32h7xx_hal_uart.o
    0x080070ac   0x080070ac   0x0000020c   Code   RO         8428    i.HAL_UART_IRQHandler  stm32h7xx_hal_uart.o
    0x080072b8   0x080072b8   0x00000112   Code   RO         8437    i.HAL_UART_Transmit  stm32h7xx_hal_uart.o
    0x080073ca   0x080073ca   0x00000002   PAD
    0x080073cc   0x080073cc   0x000000a4   Code   RO         8438    i.HAL_UART_Transmit_DMA  stm32h7xx_hal_uart.o
    0x08007470   0x08007470   0x00000040   Code   RO         1628    i.HAL_UART_TxCpltCallback  bsp_esp32.o
    0x080074b0   0x080074b0   0x00000002   Code   RO         8441    i.HAL_UART_TxHalfCpltCallback  stm32h7xx_hal_uart.o
    0x080074b2   0x080074b2   0x00000002   Code   RO         9371    i.HardFault_Handler  stm32h7xx_it.o
    0x080074b4   0x080074b4   0x00000018   Code   RO         9539    i.LAN8720_GetLinkState  lan8720a.o
    0x080074cc   0x080074cc   0x0000005e   Code   RO         9540    i.LAN8720_Init      lan8720a.o
    0x0800752a   0x0800752a   0x00000002   PAD
    0x0800752c   0x0800752c   0x0000000c   Code   RO          578    i.MDMA_IRQHandler   send_buffer_task.o
    0x08007538   0x08007538   0x0000000c   Code   RO          579    i.MDMA_TransferCompleteCallback  send_buffer_task.o
    0x08007544   0x08007544   0x000000c0   Code   RO          580    i.MDMA_init         send_buffer_task.o
    0x08007604   0x08007604   0x00000002   Code   RO         9372    i.MemManage_Handler  stm32h7xx_it.o
    0x08007606   0x08007606   0x00000002   Code   RO         9373    i.NMI_Handler       stm32h7xx_it.o
    0x08007608   0x08007608   0x00000144   Code   RO         6275    i.RCCEx_PLL2_Config  stm32h7xx_hal_rcc_ex.o
    0x0800774c   0x0800774c   0x00000144   Code   RO         6276    i.RCCEx_PLL3_Config  stm32h7xx_hal_rcc_ex.o
    0x08007890   0x08007890   0x00000032   Code   RO         6454    i.RTC_ByteToBcd2    stm32h7xx_hal_rtc.o
    0x080078c2   0x080078c2   0x00000002   PAD
    0x080078c4   0x080078c4   0x000000d4   Code   RO         1523    i.RTC_CalcWeek      bsp_cpu_rtc.o
    0x08007998   0x08007998   0x00000098   Code   RO         1524    i.RTC_Config        bsp_cpu_rtc.o
    0x08007a30   0x08007a30   0x0000009c   Code   RO         1526    i.RTC_WriteClock    bsp_cpu_rtc.o
    0x08007acc   0x08007acc   0x00000038   Code   RO        13799    i.SEGGER_RTT_Write  segger_rtt.o
    0x08007b04   0x08007b04   0x000000b0   Code   RO        13800    i.SEGGER_RTT_WriteNoLock  segger_rtt.o
    0x08007bb4   0x08007bb4   0x00000016   Code   RO        13955    i.SEGGER_RTT_printf  segger_rtt_printf.o
    0x08007bca   0x08007bca   0x00000002   PAD
    0x08007bcc   0x08007bcc   0x00000288   Code   RO        13956    i.SEGGER_RTT_vprintf  segger_rtt_printf.o
    0x08007e54   0x08007e54   0x0000000c   Code   RO         1769    i.SPI1_IRQHandler   bsp_spi_txrx.o
    0x08007e60   0x08007e60   0x000000c6   Code   RO         7157    i.SPI_CloseTransfer  stm32h7xx_hal_spi.o
    0x08007f26   0x08007f26   0x0000001a   Code   RO         7158    i.SPI_DMAAbortOnError  stm32h7xx_hal_spi.o
    0x08007f40   0x08007f40   0x000001bc   Code   RO         1363    i.STMFLASH_Write    stm32h7_flash.o
    0x080080fc   0x080080fc   0x0000002e   Code   RO         9374    i.SysTick_Handler   stm32h7xx_it.o
    0x0800812a   0x0800812a   0x00000002   PAD
    0x0800812c   0x0800812c   0x000000c8   Code   RO         1939    i.SystemInit        system_stm32h7xx.o
    0x080081f4   0x080081f4   0x000000f8   Code   RO        13573    i.TCPIP_Init        sys_arch.o
    0x080082ec   0x080082ec   0x000000c4   Code   RO         7573    i.TIM_Base_SetConfig  stm32h7xx_hal_tim.o
    0x080083b0   0x080083b0   0x00000090   Code   RO         7585    i.TIM_OC2_SetConfig  stm32h7xx_hal_tim.o
    0x08008440   0x08008440   0x00000014   Code   RO         8444    i.UART_DMAAbortOnError  stm32h7xx_hal_uart.o
    0x08008454   0x08008454   0x00000084   Code   RO         8445    i.UART_DMAError     stm32h7xx_hal_uart.o
    0x080084d8   0x080084d8   0x0000002e   Code   RO         8450    i.UART_DMATransmitCplt  stm32h7xx_hal_uart.o
    0x08008506   0x08008506   0x0000000a   Code   RO         8452    i.UART_DMATxHalfCplt  stm32h7xx_hal_uart.o
    0x08008510   0x08008510   0x00000076   Code   RO         8463    i.UART_WaitOnFlagUntilTimeout  stm32h7xx_hal_uart.o
    0x08008586   0x08008586   0x00000002   PAD
    0x08008588   0x08008588   0x0000000c   Code   RO         1629    i.USART3_IRQHandler  bsp_esp32.o
    0x08008594   0x08008594   0x00000078   Code   RO          581    i.Udp_To_Pc         send_buffer_task.o
    0x0800860c   0x0800860c   0x00000002   Code   RO         9375    i.UsageFault_Handler  stm32h7xx_it.o
    0x0800860e   0x0800860e   0x00000002   PAD
    0x08008610   0x08008610   0x000000c8   Code   RO          582    i.WriteDataToTXDBUF  send_buffer_task.o
    0x080086d8   0x080086d8   0x0000006c   Code   RO        13804    i._DoInit           segger_rtt.o
    0x08008744   0x08008744   0x000000f0   Code   RO        13957    i._PrintUnsigned    segger_rtt_printf.o
    0x08008834   0x08008834   0x0000003e   Code   RO        13958    i._StoreChar        segger_rtt_printf.o
    0x08008872   0x08008872   0x00000058   Code   RO        13805    i._WriteBlocking    segger_rtt.o
    0x080088ca   0x080088ca   0x00000002   PAD
    0x080088cc   0x080088cc   0x00000020   Code   RO        14169    i.__0printf$5       mc_w.l(printf5.o)
    0x080088ec   0x080088ec   0x00000012   Code   RO        13946    i.__ARM_common_memcpy4_7  segger_rtt.o
    0x080088fe   0x080088fe   0x0000000e   Code   RO        14352    i.__scatterload_copy  mc_w.l(handlers.o)
    0x0800890c   0x0800890c   0x00000002   Code   RO        14353    i.__scatterload_null  mc_w.l(handlers.o)
    0x0800890e   0x0800890e   0x0000000e   Code   RO        14354    i.__scatterload_zeroinit  mc_w.l(handlers.o)
    0x0800891c   0x0800891c   0x000002c0   Code   RO        14176    i._printf_core      mc_w.l(printf5.o)
    0x08008bdc   0x08008bdc   0x000000bc   Code   RO         1294    i.bsp_GetAFofTIM    bsp_tim_pwm.o
    0x08008c98   0x08008c98   0x000001f8   Code   RO         1200    i.bsp_Init          bsp.o
    0x08008e90   0x08008e90   0x0000013c   Code   RO         1770    i.bsp_InitBTB_SPI   bsp_spi_txrx.o
    0x08008fcc   0x08008fcc   0x0000007c   Code   RO         1860    i.bsp_InitCan1      bsp_can.o
    0x08009048   0x08009048   0x00000220   Code   RO         1256    i.bsp_InitExtSDRAM  bsp_fmc_sdram.o
    0x08009268   0x08009268   0x00000040   Code   RO         1578    i.bsp_InitLed       bsp_led.o
    0x080092a8   0x080092a8   0x000000bc   Code   RO         1527    i.bsp_InitRTC       bsp_cpu_rtc.o
    0x08009364   0x08009364   0x00000020   Code   RO         1580    i.bsp_LedToggle     bsp_led.o
    0x08009384   0x08009384   0x00000134   Code   RO         1295    i.bsp_RCC_GPIO_Enable  bsp_tim_pwm.o
    0x080094b8   0x080094b8   0x000001a0   Code   RO         1297    i.bsp_RCC_TIM_Enable  bsp_tim_pwm.o
    0x08009658   0x08009658   0x00000288   Code   RO         1298    i.bsp_SetTIMOutPWM  bsp_tim_pwm.o
    0x080098e0   0x080098e0   0x00000138   Code   RO        12856    i.dhcp_arp_reply    dhcp.o
    0x08009a18   0x08009a18   0x0000014c   Code   RO        12857    i.dhcp_bind         dhcp.o
    0x08009b64   0x08009b64   0x00000220   Code   RO        12859    i.dhcp_coarse_tmr   dhcp.o
    0x08009d84   0x08009d84   0x0000018c   Code   RO        12860    i.dhcp_create_msg   dhcp.o
    0x08009f10   0x08009f10   0x00000164   Code   RO        12861    i.dhcp_discover     dhcp.o
    0x0800a074   0x0800a074   0x000000c0   Code   RO        12862    i.dhcp_fine_tmr     dhcp.o
    0x0800a134   0x0800a134   0x00000060   Code   RO        12864    i.dhcp_network_changed  dhcp.o
    0x0800a194   0x0800a194   0x00000026   Code   RO        12865    i.dhcp_option_trailer  dhcp.o
    0x0800a1ba   0x0800a1ba   0x00000002   PAD
    0x0800a1bc   0x0800a1bc   0x000001c8   Code   RO        12866    i.dhcp_reboot       dhcp.o
    0x0800a384   0x0800a384   0x00000524   Code   RO        12867    i.dhcp_recv         dhcp.o
    0x0800a8a8   0x0800a8a8   0x00000198   Code   RO        12869    i.dhcp_release_and_stop  dhcp.o
    0x0800aa40   0x0800aa40   0x00000158   Code   RO        12870    i.dhcp_renew        dhcp.o
    0x0800ab98   0x0800ab98   0x00000354   Code   RO        12871    i.dhcp_select       dhcp.o
    0x0800aeec   0x0800aeec   0x0000018c   Code   RO        12873    i.dhcp_start        dhcp.o
    0x0800b078   0x0800b078   0x00000194   Code   RO        10558    i.err_tcp           api_msg.o
    0x0800b20c   0x0800b20c   0x00000040   Code   RO        13001    i.etharp_cleanup_netif  etharp.o
    0x0800b24c   0x0800b24c   0x000001f8   Code   RO        13003    i.etharp_find_entry  etharp.o
    0x0800b444   0x0800b444   0x000001cc   Code   RO        13005    i.etharp_input      etharp.o
    0x0800b610   0x0800b610   0x0000026c   Code   RO        13006    i.etharp_output     etharp.o
    0x0800b87c   0x0800b87c   0x0000014c   Code   RO        13007    i.etharp_output_to_arp_index  etharp.o
    0x0800b9c8   0x0800b9c8   0x00000180   Code   RO        13008    i.etharp_query      etharp.o
    0x0800bb48   0x0800bb48   0x00000104   Code   RO        13009    i.etharp_request    etharp.o
    0x0800bc4c   0x0800bc4c   0x00000074   Code   RO        13010    i.etharp_tmr        etharp.o
    0x0800bcc0   0x0800bcc0   0x000000b4   Code   RO        13319    i.ethernet_input    ethernet.o
    0x0800bd74   0x0800bd74   0x00000090   Code   RO        13320    i.ethernet_output   ethernet.o
    0x0800be04   0x0800be04   0x0000025c   Code   RO        13488    i.ethernetif_init   ethernetif.o
    0x0800c060   0x0800c060   0x000000cc   Code   RO        13489    i.ethernetif_input  ethernetif.o
    0x0800c12c   0x0800c12c   0x0000001c   Code   RO         9447    i.fputc             bsp_debug_usart.o
    0x0800c148   0x0800c148   0x000000ac   Code   RO        13088    i.icmp_dest_unreach  icmp.o
    0x0800c1f4   0x0800c1f4   0x00000190   Code   RO        13089    i.icmp_input        icmp.o
    0x0800c384   0x0800c384   0x00000084   Code   RO        13090    i.icmp_time_exceeded  icmp.o
    0x0800c408   0x0800c408   0x0000004e   Code   RO        11440    i.inet_chksum_pbuf  inet_chksum.o
    0x0800c456   0x0800c456   0x00000004   Code   RO         1365    i.initEEPROM        stm32h7_flash.o
    0x0800c45a   0x0800c45a   0x0000003c   Code   RO        13203    i.ip4_addr_isbroadcast_u32  ip4_addr.o
    0x0800c496   0x0800c496   0x00000002   PAD
    0x0800c498   0x0800c498   0x00000230   Code   RO        13268    i.ip4_frag          ip4_frag.o
    0x0800c6c8   0x0800c6c8   0x000001c0   Code   RO        13145    i.ip4_input         ip4.o
    0x0800c888   0x0800c888   0x00000028   Code   RO        13147    i.ip4_output_if     ip4.o
    0x0800c8b0   0x0800c8b0   0x00000114   Code   RO        13148    i.ip4_output_if_src  ip4.o
    0x0800c9c4   0x0800c9c4   0x00000460   Code   RO        13269    i.ip4_reass         ip4_frag.o
    0x0800ce24   0x0800ce24   0x00000084   Code   RO        13149    i.ip4_route         ip4.o
    0x0800cea8   0x0800cea8   0x00000178   Code   RO        13270    i.ip_reass_remove_oldest_datagram  ip4_frag.o
    0x0800d020   0x0800d020   0x00000178   Code   RO        13271    i.ip_reass_tmr      ip4_frag.o
    0x0800d198   0x0800d198   0x00000044   Code   RO        13272    i.ipfrag_free_pbuf_custom  ip4_frag.o
    0x0800d1dc   0x0800d1dc   0x0000004c   Code   RO         1366    i.loadConfig        stm32h7_flash.o
    0x0800d228   0x0800d228   0x000000b0   Code   RO        13490    i.low_level_output  ethernetif.o
    0x0800d2d8   0x0800d2d8   0x00000040   Code   RO        12629    i.lwip_cyclic_timer  timeouts.o
    0x0800d318   0x0800d318   0x00000004   Code   RO        11367    i.lwip_htonl        def.o
    0x0800d31c   0x0800d31c   0x00000004   Code   RO        11368    i.lwip_htons        def.o
    0x0800d320   0x0800d320   0x00000022   Code   RO        11501    i.lwip_init         init.o
    0x0800d342   0x0800d342   0x00000034   Code   RO        10559    i.lwip_netconn_do_bind  api_msg.o
    0x0800d376   0x0800d376   0x00000002   PAD
    0x0800d378   0x0800d378   0x000000cc   Code   RO        10561    i.lwip_netconn_do_close  api_msg.o
    0x0800d444   0x0800d444   0x0000024c   Code   RO        10562    i.lwip_netconn_do_close_internal  api_msg.o
    0x0800d690   0x0800d690   0x000000a8   Code   RO        10569    i.lwip_netconn_do_newconn  api_msg.o
    0x0800d738   0x0800d738   0x0000003e   Code   RO        10570    i.lwip_netconn_do_recv  api_msg.o
    0x0800d776   0x0800d776   0x00000040   Code   RO        10571    i.lwip_netconn_do_send  api_msg.o
    0x0800d7b6   0x0800d7b6   0x00000002   PAD
    0x0800d7b8   0x0800d7b8   0x0000030c   Code   RO        10573    i.lwip_netconn_do_writemore  api_msg.o
    0x0800dac4   0x0800dac4   0x00000054   Code   RO        10574    i.lwip_netconn_is_err_msg  api_msg.o
    0x0800db18   0x0800db18   0x00000098   Code   RO        11445    i.lwip_standard_chksum  inet_chksum.o
    0x0800dbb0   0x0800dbb0   0x00000188   Code   RO            4    i.main              main.o
    0x0800dd38   0x0800dd38   0x00000274   Code   RO        11595    i.mem_free          mem.o
    0x0800dfac   0x0800dfac   0x00000068   Code   RO        11596    i.mem_init          mem.o
    0x0800e014   0x0800e014   0x000001dc   Code   RO        11597    i.mem_malloc        mem.o
    0x0800e1f0   0x0800e1f0   0x00000170   Code   RO        11598    i.mem_trim          mem.o
    0x0800e360   0x0800e360   0x00000064   Code   RO        11646    i.memp_free         memp.o
    0x0800e3c4   0x0800e3c4   0x00000070   Code   RO        11647    i.memp_free_pool    memp.o
    0x0800e434   0x0800e434   0x0000004c   Code   RO        11648    i.memp_init         memp.o
    0x0800e480   0x0800e480   0x00000032   Code   RO        11649    i.memp_init_pool    memp.o
    0x0800e4b2   0x0800e4b2   0x00000002   PAD
    0x0800e4b4   0x0800e4b4   0x0000006c   Code   RO        11650    i.memp_malloc       memp.o
    0x0800e520   0x0800e520   0x00000078   Code   RO        11651    i.memp_malloc_pool  memp.o
    0x0800e598   0x0800e598   0x00000084   Code   RO        10807    i.netbuf_alloc      netbuf.o
    0x0800e61c   0x0800e61c   0x00000024   Code   RO        10810    i.netbuf_delete     netbuf.o
    0x0800e640   0x0800e640   0x0000001a   Code   RO        10813    i.netbuf_new        netbuf.o
    0x0800e65a   0x0800e65a   0x00000002   PAD
    0x0800e65c   0x0800e65c   0x000000a4   Code   RO        10575    i.netconn_alloc     api_msg.o
    0x0800e700   0x0800e700   0x00000064   Code   RO        10342    i.netconn_bind      api_lib.o
    0x0800e764   0x0800e764   0x0000011c   Code   RO        10576    i.netconn_drain     api_msg.o
    0x0800e880   0x0800e880   0x0000001e   Code   RO        10348    i.netconn_err       api_lib.o
    0x0800e89e   0x0800e89e   0x00000002   PAD
    0x0800e8a0   0x0800e8a0   0x000000f8   Code   RO        10577    i.netconn_free      api_msg.o
    0x0800e998   0x0800e998   0x00000114   Code   RO        10351    i.netconn_new_with_proto_and_callback  api_lib.o
    0x0800eaac   0x0800eaac   0x000000d0   Code   RO        10353    i.netconn_recv      api_lib.o
    0x0800eb7c   0x0800eb7c   0x00000154   Code   RO        10354    i.netconn_recv_data  api_lib.o
    0x0800ecd0   0x0800ecd0   0x0000013c   Code   RO        10355    i.netconn_recv_data_tcp  api_lib.o
    0x0800ee0c   0x0800ee0c   0x00000058   Code   RO        10360    i.netconn_send      api_lib.o
    0x0800ee64   0x0800ee64   0x00000058   Code   RO        10361    i.netconn_sendto    api_lib.o
    0x0800eebc   0x0800eebc   0x000001e4   Code   RO        11775    i.netif_add         netif.o
    0x0800f0a0   0x0800f0a0   0x000000b0   Code   RO        11777    i.netif_do_set_ipaddr  netif.o
    0x0800f150   0x0800f150   0x00000028   Code   RO        11779    i.netif_get_by_index  netif.o
    0x0800f178   0x0800f178   0x00000002   Code   RO        11781    i.netif_init        netif.o
    0x0800f17a   0x0800f17a   0x00000006   Code   RO        11784    i.netif_null_output_ip4  netif.o
    0x0800f180   0x0800f180   0x00000078   Code   RO        11786    i.netif_set_addr    netif.o
    0x0800f1f8   0x0800f1f8   0x0000000c   Code   RO        11787    i.netif_set_default  netif.o
    0x0800f204   0x0800f204   0x00000048   Code   RO        11788    i.netif_set_down    netif.o
    0x0800f24c   0x0800f24c   0x00000040   Code   RO        11791    i.netif_set_link_down  netif.o
    0x0800f28c   0x0800f28c   0x00000078   Code   RO        11792    i.netif_set_link_up  netif.o
    0x0800f304   0x0800f304   0x00000058   Code   RO        11794    i.netif_set_up      netif.o
    0x0800f35c   0x0800f35c   0x00000068   Code   RO        11930    i.pbuf_add_header   pbuf.o
    0x0800f3c4   0x0800f3c4   0x0000018c   Code   RO        11932    i.pbuf_alloc        pbuf.o
    0x0800f550   0x0800f550   0x0000004c   Code   RO        11933    i.pbuf_alloc_reference  pbuf.o
    0x0800f59c   0x0800f59c   0x00000042   Code   RO        11934    i.pbuf_alloced_custom  pbuf.o
    0x0800f5de   0x0800f5de   0x00000002   PAD
    0x0800f5e0   0x0800f5e0   0x000000cc   Code   RO        11935    i.pbuf_cat          pbuf.o
    0x0800f6ac   0x0800f6ac   0x00000088   Code   RO        11936    i.pbuf_chain        pbuf.o
    0x0800f734   0x0800f734   0x00000014   Code   RO        11937    i.pbuf_clen         pbuf.o
    0x0800f748   0x0800f748   0x0000003c   Code   RO        11938    i.pbuf_clone        pbuf.o
    0x0800f784   0x0800f784   0x00000160   Code   RO        11940    i.pbuf_copy         pbuf.o
    0x0800f8e4   0x0800f8e4   0x000000c4   Code   RO        11941    i.pbuf_copy_partial  pbuf.o
    0x0800f9a8   0x0800f9a8   0x000000f4   Code   RO        11943    i.pbuf_free         pbuf.o
    0x0800fa9c   0x0800fa9c   0x0000003c   Code   RO        13491    i.pbuf_free_custom  ethernetif.o
    0x0800fad8   0x0800fad8   0x00000006   Code   RO        11948    i.pbuf_header_force  pbuf.o
    0x0800fade   0x0800fade   0x00000002   PAD
    0x0800fae0   0x0800fae0   0x000000ac   Code   RO        11949    i.pbuf_header_impl  pbuf.o
    0x0800fb8c   0x0800fb8c   0x000000cc   Code   RO        11953    i.pbuf_realloc      pbuf.o
    0x0800fc58   0x0800fc58   0x00000040   Code   RO        11954    i.pbuf_ref          pbuf.o
    0x0800fc98   0x0800fc98   0x0000006c   Code   RO        11955    i.pbuf_remove_header  pbuf.o
    0x0800fd04   0x0800fd04   0x00000084   Code   RO        10578    i.poll_tcp          api_msg.o
    0x0800fd88   0x0800fd88   0x00000074   Code   RO         9901    i.prvAddCurrentTaskToDelayedList  tasks.o
    0x0800fdfc   0x0800fdfc   0x00000078   Code   RO         9902    i.prvIdleTask       tasks.o
    0x0800fe74   0x0800fe74   0x00000070   Code   RO        10253    i.prvTaskExitError  port.o
    0x0800fee4   0x0800fee4   0x00000198   Code   RO        10201    i.pvPortMalloc      heap_4.o
    0x0801007c   0x0801007c   0x00000018   Code   RO         9903    i.pvTaskIncrementMutexHeldCount  tasks.o
    0x08010094   0x08010094   0x00000030   Code   RO        10254    i.pxPortInitialiseStack  port.o
    0x080100c4   0x080100c4   0x00000110   Code   RO        10579    i.recv_tcp          api_msg.o
    0x080101d4   0x080101d4   0x000000fc   Code   RO        10580    i.recv_udp          api_msg.o
    0x080102d0   0x080102d0   0x00000020   Code   RO          583    i.send_buffer_task  send_buffer_task.o
    0x080102f0   0x080102f0   0x00000070   Code   RO        10581    i.sent_tcp          api_msg.o
    0x08010360   0x08010360   0x00000050   Code   RO        13574    i.sys_arch_mbox_fetch  sys_arch.o
    0x080103b0   0x080103b0   0x0000001e   Code   RO        13575    i.sys_arch_mbox_tryfetch  sys_arch.o
    0x080103ce   0x080103ce   0x0000000a   Code   RO        13576    i.sys_arch_protect  sys_arch.o
    0x080103d8   0x080103d8   0x00000036   Code   RO        13577    i.sys_arch_sem_wait  sys_arch.o
    0x0801040e   0x0801040e   0x00000004   Code   RO        13579    i.sys_arch_unprotect  sys_arch.o
    0x08010412   0x08010412   0x00000002   PAD
    0x08010414   0x08010414   0x00000044   Code   RO        12630    i.sys_check_timeouts  timeouts.o
    0x08010458   0x08010458   0x00000024   Code   RO        13580    i.sys_init          sys_arch.o
    0x0801047c   0x0801047c   0x00000014   Code   RO        13582    i.sys_mbox_free     sys_arch.o
    0x08010490   0x08010490   0x0000001e   Code   RO        13583    i.sys_mbox_new      sys_arch.o
    0x080104ae   0x080104ae   0x00000006   Code   RO        13585    i.sys_mbox_set_invalid  sys_arch.o
    0x080104b4   0x080104b4   0x0000001c   Code   RO        13586    i.sys_mbox_trypost  sys_arch.o
    0x080104d0   0x080104d0   0x0000000a   Code   RO        13588    i.sys_mbox_valid    sys_arch.o
    0x080104da   0x080104da   0x0000000c   Code   RO        13590    i.sys_mutex_lock    sys_arch.o
    0x080104e6   0x080104e6   0x00000002   PAD
    0x080104e8   0x080104e8   0x0000003c   Code   RO        13591    i.sys_mutex_new     sys_arch.o
    0x08010524   0x08010524   0x0000000c   Code   RO        13593    i.sys_mutex_unlock  sys_arch.o
    0x08010530   0x08010530   0x00000010   Code   RO        13594    i.sys_now           sys_arch.o
    0x08010540   0x08010540   0x00000010   Code   RO        13595    i.sys_sem_free      sys_arch.o
    0x08010550   0x08010550   0x00000070   Code   RO        13596    i.sys_sem_new       sys_arch.o
    0x080105c0   0x080105c0   0x00000006   Code   RO        13597    i.sys_sem_set_invalid  sys_arch.o
    0x080105c6   0x080105c6   0x00000002   PAD
    0x080105c8   0x080105c8   0x00000040   Code   RO        13598    i.sys_sem_signal    sys_arch.o
    0x08010608   0x08010608   0x0000000a   Code   RO        13599    i.sys_sem_valid     sys_arch.o
    0x08010612   0x08010612   0x00000002   PAD
    0x08010614   0x08010614   0x00000064   Code   RO        13600    i.sys_thread_new    sys_arch.o
    0x08010678   0x08010678   0x00000060   Code   RO        12632    i.sys_timeout       timeouts.o
    0x080106d8   0x080106d8   0x0000009c   Code   RO        12633    i.sys_timeout_abs   timeouts.o
    0x08010774   0x08010774   0x00000044   Code   RO        12634    i.sys_timeouts_init  timeouts.o
    0x080107b8   0x080107b8   0x00000028   Code   RO        12635    i.sys_timeouts_sleeptime  timeouts.o
    0x080107e0   0x080107e0   0x000001a0   Code   RO        12185    i.tcp_abandon       tcp.o
    0x08010980   0x08010980   0x00000006   Code   RO        12186    i.tcp_abort         tcp.o
    0x08010986   0x08010986   0x00000010   Code   RO        12187    i.tcp_accept        tcp.o
    0x08010996   0x08010996   0x00000002   PAD
    0x08010998   0x08010998   0x00000208   Code   RO        12189    i.tcp_alloc         tcp.o
    0x08010ba0   0x08010ba0   0x00000008   Code   RO        12190    i.tcp_arg           tcp.o
    0x08010ba8   0x08010ba8   0x00000148   Code   RO        12191    i.tcp_bind          tcp.o
    0x08010cf0   0x08010cf0   0x00000040   Code   RO        12193    i.tcp_close         tcp.o
    0x08010d30   0x08010d30   0x000002b0   Code   RO        12194    i.tcp_close_shutdown  tcp.o
    0x08010fe0   0x08010fe0   0x000000e4   Code   RO        12508    i.tcp_create_segment  tcp_out.o
    0x080110c4   0x080110c4   0x00000058   Code   RO        12197    i.tcp_eff_send_mss_netif  tcp.o
    0x0801111c   0x0801111c   0x000001c0   Code   RO        12509    i.tcp_enqueue_flags  tcp_out.o
    0x080112dc   0x080112dc   0x00000048   Code   RO        12198    i.tcp_err           tcp.o
    0x08011324   0x08011324   0x0000013c   Code   RO        12199    i.tcp_fasttmr       tcp.o
    0x08011460   0x08011460   0x00000030   Code   RO        12200    i.tcp_free          tcp.o
    0x08011490   0x08011490   0x00000002   Code   RO        12201    i.tcp_init          tcp.o
    0x08011492   0x08011492   0x00000002   PAD
    0x08011494   0x08011494   0x000007c8   Code   RO        12449    i.tcp_input         tcp_in.o
    0x08011c5c   0x08011c5c   0x00000054   Code   RO        12510    i.tcp_keepalive     tcp_out.o
    0x08011cb0   0x08011cb0   0x000000cc   Code   RO        12204    i.tcp_netif_ip_addr_changed  tcp.o
    0x08011d7c   0x08011d7c   0x00000006   Code   RO        12206    i.tcp_new_ip_type   tcp.o
    0x08011d82   0x08011d82   0x00000002   PAD
    0x08011d84   0x08011d84   0x00000038   Code   RO        12207    i.tcp_next_iss      tcp.o
    0x08011dbc   0x08011dbc   0x0000043c   Code   RO        12511    i.tcp_output        tcp_out.o
    0x080121f8   0x080121f8   0x000000c8   Code   RO        12512    i.tcp_output_alloc_header  tcp_out.o
    0x080122c0   0x080122c0   0x00000090   Code   RO        12513    i.tcp_output_control_segment  tcp_out.o
    0x08012350   0x08012350   0x00000128   Code   RO        12450    i.tcp_parseopt      tcp_in.o
    0x08012478   0x08012478   0x00000098   Code   RO        12208    i.tcp_pcb_purge     tcp.o
    0x08012510   0x08012510   0x000000f4   Code   RO        12209    i.tcp_pcb_remove    tcp.o
    0x08012604   0x08012604   0x00000060   Code   RO        12210    i.tcp_poll          tcp.o
    0x08012664   0x08012664   0x00000504   Code   RO        12451    i.tcp_process       tcp_in.o
    0x08012b68   0x08012b68   0x000000c8   Code   RO        12211    i.tcp_process_refused_data  tcp.o
    0x08012c30   0x08012c30   0x00000660   Code   RO        12452    i.tcp_receive       tcp_in.o
    0x08013290   0x08013290   0x00000048   Code   RO        12212    i.tcp_recv          tcp.o
    0x080132d8   0x080132d8   0x00000060   Code   RO        12213    i.tcp_recv_null     tcp.o
    0x08013338   0x08013338   0x000000d8   Code   RO        12214    i.tcp_recved        tcp.o
    0x08013410   0x08013410   0x0000008c   Code   RO        12514    i.tcp_rexmit        tcp_out.o
    0x0801349c   0x0801349c   0x000000f4   Code   RO        12515    i.tcp_rexmit_fast   tcp_out.o
    0x08013590   0x08013590   0x0000005c   Code   RO        12516    i.tcp_rexmit_rto    tcp_out.o
    0x080135ec   0x080135ec   0x00000048   Code   RO        12517    i.tcp_rexmit_rto_commit  tcp_out.o
    0x08013634   0x08013634   0x000000b0   Code   RO        12518    i.tcp_rexmit_rto_prepare  tcp_out.o
    0x080136e4   0x080136e4   0x00000108   Code   RO        12519    i.tcp_rst           tcp_out.o
    0x080137ec   0x080137ec   0x00000020   Code   RO        12215    i.tcp_seg_free      tcp.o
    0x0801380c   0x0801380c   0x00000026   Code   RO        12216    i.tcp_segs_free     tcp.o
    0x08013832   0x08013832   0x00000002   PAD
    0x08013834   0x08013834   0x00000070   Code   RO        12520    i.tcp_send_empty_ack  tcp_out.o
    0x080138a4   0x080138a4   0x0000006c   Code   RO        12521    i.tcp_send_fin      tcp_out.o
    0x08013910   0x08013910   0x00000044   Code   RO        12217    i.tcp_sent          tcp.o
    0x08013954   0x08013954   0x00000080   Code   RO        12219    i.tcp_shutdown      tcp.o
    0x080139d4   0x080139d4   0x00000550   Code   RO        12220    i.tcp_slowtmr       tcp.o
    0x08013f24   0x08013f24   0x000001c4   Code   RO        12522    i.tcp_split_unsent_seg  tcp_out.o
    0x080140e8   0x080140e8   0x00000044   Code   RO        12637    i.tcp_timer_needed  timeouts.o
    0x0801412c   0x0801412c   0x00000024   Code   RO        12222    i.tcp_tmr           tcp.o
    0x08014150   0x08014150   0x00000010   Code   RO        12453    i.tcp_trigger_input_pcb_close  tcp_in.o
    0x08014160   0x08014160   0x00000094   Code   RO        12224    i.tcp_update_rcv_ann_wnd  tcp.o
    0x080141f4   0x080141f4   0x00000860   Code   RO        12523    i.tcp_write         tcp_out.o
    0x08014a54   0x08014a54   0x000000d8   Code   RO        12524    i.tcp_zero_window_probe  tcp_out.o
    0x08014b2c   0x08014b2c   0x000000a4   Code   RO        11186    i.tcpip_init        tcpip.o
    0x08014bd0   0x08014bd0   0x0000006c   Code   RO        11187    i.tcpip_inpkt       tcpip.o
    0x08014c3c   0x08014c3c   0x000000ac   Code   RO        11188    i.tcpip_input       tcpip.o
    0x08014ce8   0x08014ce8   0x00000020   Code   RO        11189    i.tcpip_send_msg_wait_sem  tcpip.o
    0x08014d08   0x08014d08   0x00000040   Code   RO        12638    i.tcpip_tcp_timer   timeouts.o
    0x08014d48   0x08014d48   0x00000100   Code   RO        11190    i.tcpip_thread      tcpip.o
    0x08014e48   0x08014e48   0x000000f4   Code   RO        12718    i.udp_bind          udp.o
    0x08014f3c   0x08014f3c   0x000000a0   Code   RO        12720    i.udp_connect       udp.o
    0x08014fdc   0x08014fdc   0x00000002   Code   RO        12722    i.udp_init          udp.o
    0x08014fde   0x08014fde   0x00000002   PAD
    0x08014fe0   0x08014fe0   0x00000228   Code   RO        12723    i.udp_input         udp.o
    0x08015208   0x08015208   0x00000038   Code   RO        12724    i.udp_netif_ip_addr_changed  udp.o
    0x08015240   0x08015240   0x00000026   Code   RO        12725    i.udp_new           udp.o
    0x08015266   0x08015266   0x00000026   Code   RO        12726    i.udp_new_ip_type   udp.o
    0x0801528c   0x0801528c   0x00000028   Code   RO        12727    i.udp_recv          udp.o
    0x080152b4   0x080152b4   0x00000050   Code   RO        12728    i.udp_remove        udp.o
    0x08015304   0x08015304   0x0000005c   Code   RO        12729    i.udp_send          udp.o
    0x08015360   0x08015360   0x000000d8   Code   RO        12730    i.udp_sendto        udp.o
    0x08015438   0x08015438   0x000000f8   Code   RO        12731    i.udp_sendto_if     udp.o
    0x08015530   0x08015530   0x00000204   Code   RO        12732    i.udp_sendto_if_src  udp.o
    0x08015734   0x08015734   0x00000024   Code   RO         9703    i.uxListRemove      list.o
    0x08015758   0x08015758   0x0000004c   Code   RO         9752    i.uxQueueMessagesWaiting  queue.o
    0x080157a4   0x080157a4   0x00000016   Code   RO         9704    i.vListInitialise   list.o
    0x080157ba   0x080157ba   0x00000006   Code   RO         9705    i.vListInitialiseItem  list.o
    0x080157c0   0x080157c0   0x0000003c   Code   RO         9706    i.vListInsert       list.o
    0x080157fc   0x080157fc   0x00000018   Code   RO         9707    i.vListInsertEnd    list.o
    0x08015814   0x08015814   0x00000080   Code   RO        10256    i.vPortEnterCritical  port.o
    0x08015894   0x08015894   0x0000006c   Code   RO        10257    i.vPortExitCritical  port.o
    0x08015900   0x08015900   0x000000e4   Code   RO        10202    i.vPortFree         heap_4.o
    0x080159e4   0x080159e4   0x00000090   Code   RO        10259    i.vPortValidateInterruptPriority  port.o
    0x08015a74   0x08015a74   0x00000070   Code   RO         9756    i.vQueueDelete      queue.o
    0x08015ae4   0x08015ae4   0x00000078   Code   RO         9909    i.vTaskDelay        tasks.o
    0x08015b5c   0x08015b5c   0x000000a0   Code   RO          768    i.vTaskLwip         tcp_client.o
    0x08015bfc   0x08015bfc   0x0000000c   Code   RO         9913    i.vTaskMissedYield  tasks.o
    0x08015c08   0x08015c08   0x00000060   Code   RO         9915    i.vTaskPlaceOnEventList  tasks.o
    0x08015c68   0x08015c68   0x00000090   Code   RO         9917    i.vTaskPriorityInherit  tasks.o
    0x08015cf8   0x08015cf8   0x00000028   Code   RO         9920    i.vTaskSetTimeOutState  tasks.o
    0x08015d20   0x08015d20   0x000000a4   Code   RO         9921    i.vTaskStartScheduler  tasks.o
    0x08015dc4   0x08015dc4   0x00000010   Code   RO         9923    i.vTaskSuspendAll   tasks.o
    0x08015dd4   0x08015dd4   0x00000060   Code   RO         9924    i.vTaskSwitchContext  tasks.o
    0x08015e34   0x08015e34   0x00000004   Code   RO            7    i.vTaskTDataProcess  main.o
    0x08015e38   0x08015e38   0x00000004   Code   RO            8    i.vTaskTSendBuf     main.o
    0x08015e3c   0x08015e3c   0x0000010c   Code   RO        10260    i.xPortStartScheduler  port.o
    0x08015f48   0x08015f48   0x00000030   Code   RO        10261    i.xPortSysTickHandler  port.o
    0x08015f78   0x08015f78   0x00000064   Code   RO         9758    i.xQueueCreateCountingSemaphore  queue.o
    0x08015fdc   0x08015fdc   0x00000024   Code   RO         9759    i.xQueueCreateMutex  queue.o
    0x08016000   0x08016000   0x00000084   Code   RO         9760    i.xQueueGenericCreate  queue.o
    0x08016084   0x08016084   0x00000308   Code   RO         9761    i.xQueueGenericReceive  queue.o
    0x0801638c   0x0801638c   0x000000b8   Code   RO         9762    i.xQueueGenericReset  queue.o
    0x08016444   0x08016444   0x00000328   Code   RO         9763    i.xQueueGenericSend  queue.o
    0x0801676c   0x0801676c   0x000000c4   Code   RO         9765    i.xQueueGiveFromISR  queue.o
    0x08016830   0x08016830   0x000000ac   Code   RO         9925    i.xTaskCheckForTimeOut  tasks.o
    0x080168dc   0x080168dc   0x0000017c   Code   RO         9926    i.xTaskCreate       tasks.o
    0x08016a58   0x08016a58   0x0000001c   Code   RO         9930    i.xTaskGetSchedulerState  tasks.o
    0x08016a74   0x08016a74   0x0000000c   Code   RO         9931    i.xTaskGetTickCount  tasks.o
    0x08016a80   0x08016a80   0x00000114   Code   RO         9933    i.xTaskIncrementTick  tasks.o
    0x08016b94   0x08016b94   0x000000c4   Code   RO         9936    i.xTaskPriorityDisinherit  tasks.o
    0x08016c58   0x08016c58   0x000000a0   Code   RO         9937    i.xTaskRemoveFromEventList  tasks.o
    0x08016cf8   0x08016cf8   0x000001ec   Code   RO         9939    i.xTaskResumeAll    tasks.o
    0x08016ee4   0x08016ee4   0x0000000e   Data   RO         1300    .constdata          bsp_tim_pwm.o
    0x08016ef2   0x08016ef2   0x00000010   Data   RO         1940    .constdata          system_stm32h7xx.o
    0x08016f02   0x08016f02   0x00000008   Data   RO         3009    .constdata          stm32h7xx_hal_dma.o
    0x08016f0a   0x08016f0a   0x00000002   PAD
    0x08016f0c   0x08016f0c   0x0000005c   Data   RO         3713    .constdata          stm32h7xx_hal_fdcan.o
    0x08016f68   0x08016f68   0x00000003   Data   RO        10582    .constdata          api_msg.o
    0x08016f6b   0x08016f6b   0x00000001   PAD
    0x08016f6c   0x08016f6c   0x0000000c   Data   RO        11665    .constdata          memp.o
    0x08016f78   0x08016f78   0x0000000c   Data   RO        11666    .constdata          memp.o
    0x08016f84   0x08016f84   0x0000000c   Data   RO        11667    .constdata          memp.o
    0x08016f90   0x08016f90   0x0000000c   Data   RO        11668    .constdata          memp.o
    0x08016f9c   0x08016f9c   0x0000000c   Data   RO        11669    .constdata          memp.o
    0x08016fa8   0x08016fa8   0x0000000c   Data   RO        11670    .constdata          memp.o
    0x08016fb4   0x08016fb4   0x0000000c   Data   RO        11671    .constdata          memp.o
    0x08016fc0   0x08016fc0   0x0000000c   Data   RO        11672    .constdata          memp.o
    0x08016fcc   0x08016fcc   0x0000000c   Data   RO        11673    .constdata          memp.o
    0x08016fd8   0x08016fd8   0x0000000c   Data   RO        11674    .constdata          memp.o
    0x08016fe4   0x08016fe4   0x0000000c   Data   RO        11675    .constdata          memp.o
    0x08016ff0   0x08016ff0   0x0000000c   Data   RO        11676    .constdata          memp.o
    0x08016ffc   0x08016ffc   0x0000000c   Data   RO        11677    .constdata          memp.o
    0x08017008   0x08017008   0x00000034   Data   RO        11678    .constdata          memp.o
    0x0801703c   0x0801703c   0x00000054   Data   RO        12225    .constdata          tcp.o
    0x08017090   0x08017090   0x00000028   Data   RO        12639    .constdata          timeouts.o
    0x080170b8   0x080170b8   0x00000004   Data   RO        13210    .constdata          ip4_addr.o
    0x080170bc   0x080170bc   0x00000004   Data   RO        13211    .constdata          ip4_addr.o
    0x080170c0   0x080170c0   0x00000006   Data   RO        13321    .constdata          ethernet.o
    0x080170c6   0x080170c6   0x00000006   Data   RO        13322    .constdata          ethernet.o
    0x080170cc   0x080170cc   0x0000000c   Data   RO        13497    .constdata          ethernetif.o
    0x080170d8   0x080170d8   0x00000010   Data   RO        13959    .constdata          segger_rtt_printf.o
    0x080170e8   0x080170e8   0x00000075   Data   RO        12226    .conststring        tcp.o
    0x0801715d   0x0801715d   0x00000003   PAD
    0x08017160   0x08017160   0x00000055   Data   RO        12525    .conststring        tcp_out.o
    0x080171b5   0x080171b5   0x00000003   PAD
    0x080171b8   0x080171b8   0x00000042   Data   RO        12877    .conststring        dhcp.o
    0x080171fa   0x080171fa   0x00000002   PAD
    0x080171fc   0x080171fc   0x00000041   Data   RO        13012    .conststring        etharp.o
    0x0801723d   0x0801723d   0x00000003   PAD
    0x08017240   0x08017240   0x00000020   Data   RO        14350    Region$$Table       anon$$obj.o


    Execution Region RW_IRAM2 (Exec base: 0x24000000, Load base: 0x08017260, Size: 0x000265a8, Max: 0x00080000, ABSOLUTE, COMPRESSED[0x00000144])

    Exec Addr    Load Addr    Size         Type   Attr      Idx    E Section Name        Object

    0x24000000   COMPRESSED   0x00003000   Data   RW         1773    .RAM_D1             bsp_spi_txrx.o
    0x24003000   COMPRESSED   0x00000028   Data   RW           12    .data               main.o
    0x24003028   COMPRESSED   0x00000258   Data   RW           15    .data               main.o
    0x24003280   COMPRESSED   0x00000001   Data   RW           17    .data               main.o
    0x24003281   COMPRESSED   0x00000003   PAD
    0x24003284   COMPRESSED   0x0000000c   Data   RW          404    .data               date_process_task.o
    0x24003290   COMPRESSED   0x00000012   Data   RW          501    .data               emu_data_task.o
    0x240032a2   COMPRESSED   0x00000002   PAD
    0x240032a4   COMPRESSED   0x00000008   Data   RW          585    .data               send_buffer_task.o
    0x240032ac   COMPRESSED   0x00000034   Data   RW          775    .data               tcp_client.o
    0x240032e0   COMPRESSED   0x00000008   Data   RW          780    .data               tcp_client.o
    0x240032e8   COMPRESSED   0x00000004   Data   RW         1370    .data               stm32h7_flash.o
    0x240032ec   COMPRESSED   0x0000000c   Data   RW         1634    .data               bsp_esp32.o
    0x240032f8   COMPRESSED   0x00000014   Data   RW         1776    .data               bsp_spi_txrx.o
    0x2400330c   COMPRESSED   0x00000004   Data   RW         1779    .data               bsp_spi_txrx.o
    0x24003310   COMPRESSED   0x00000010   Data   RW         1867    .data               bsp_can.o
    0x24003320   COMPRESSED   0x00000008   Data   RW         1941    .data               system_stm32h7xx.o
    0x24003328   COMPRESSED   0x0000000c   Data   RW         2024    .data               stm32h7xx_hal.o
    0x24003334   COMPRESSED   0x0000003c   Data   RW         9942    .data               tasks.o
    0x24003370   COMPRESSED   0x00000018   Data   RW        10207    .data               heap_4.o
    0x24003388   COMPRESSED   0x0000000c   Data   RW        10262    .data               port.o
    0x24003394   COMPRESSED   0x00000010   Data   RW        11192    .data               tcpip.o
    0x240033a4   COMPRESSED   0x00000010   Data   RW        11600    .data               mem.o
    0x240033b4   COMPRESSED   0x00000004   Data   RW        11679    .data               memp.o
    0x240033b8   COMPRESSED   0x00000004   Data   RW        11680    .data               memp.o
    0x240033bc   COMPRESSED   0x00000004   Data   RW        11681    .data               memp.o
    0x240033c0   COMPRESSED   0x00000004   Data   RW        11682    .data               memp.o
    0x240033c4   COMPRESSED   0x00000004   Data   RW        11683    .data               memp.o
    0x240033c8   COMPRESSED   0x00000004   Data   RW        11684    .data               memp.o
    0x240033cc   COMPRESSED   0x00000004   Data   RW        11685    .data               memp.o
    0x240033d0   COMPRESSED   0x00000004   Data   RW        11686    .data               memp.o
    0x240033d4   COMPRESSED   0x00000004   Data   RW        11687    .data               memp.o
    0x240033d8   COMPRESSED   0x00000004   Data   RW        11688    .data               memp.o
    0x240033dc   COMPRESSED   0x00000004   Data   RW        11689    .data               memp.o
    0x240033e0   COMPRESSED   0x00000004   Data   RW        11690    .data               memp.o
    0x240033e4   COMPRESSED   0x00000004   Data   RW        11691    .data               memp.o
    0x240033e8   COMPRESSED   0x0000000c   Data   RW        11795    .data               netif.o
    0x240033f4   COMPRESSED   0x00000020   Data   RW        12227    .data               tcp.o
    0x24003414   COMPRESSED   0x00000024   Data   RW        12455    .data               tcp_in.o
    0x24003438   COMPRESSED   0x0000000c   Data   RW        12641    .data               timeouts.o
    0x24003444   COMPRESSED   0x00000008   Data   RW        12733    .data               udp.o
    0x2400344c   COMPRESSED   0x00000014   Data   RW        12878    .data               dhcp.o
    0x24003460   COMPRESSED   0x00000001   Data   RW        13013    .data               etharp.o
    0x24003461   COMPRESSED   0x00000001   PAD
    0x24003462   COMPRESSED   0x00000002   Data   RW        13150    .data               ip4.o
    0x24003464   COMPRESSED   0x00000008   Data   RW        13273    .data               ip4_frag.o
    0x2400346c   COMPRESSED   0x00000010   Data   RW        13499    .data               ethernetif.o
    0x2400347c   COMPRESSED   0x00000004   Data   RW        13500    .data               ethernetif.o
    0x24003480   COMPRESSED   0x00000014   Data   RW        13602    .data               sys_arch.o
    0x24003494   COMPRESSED   0x00000004   Data   RW        14018    .data               mc_w.l(rand.o)
    0x24003498   COMPRESSED   0x00000004   Data   RW        14313    .data               mc_w.l(stdout.o)
    0x2400349c   COMPRESSED   0x00000004   PAD
    0x240034a0        -       0x00000d58   Zero   RW            9    .bss                main.o
    0x240041f8        -       0x00000c30   Zero   RW          400    .bss                date_process_task.o
    0x24004e28        -       0x00000250   Zero   RW          401    .bss                date_process_task.o
    0x24005078        -       0x00000c50   Zero   RW          480    .bss                emu_data_task.o
    0x24005cc8        -       0x0000006c   Zero   RW          584    .bss                send_buffer_task.o
    0x24005d34        -       0x00000a88   Zero   RW          772    .bss                tcp_client.o
    0x240067bc        -       0x00000024   Zero   RW         1528    .bss                bsp_cpu_rtc.o
    0x240067e0        -       0x00000d18   Zero   RW         1632    .bss                bsp_esp32.o
    0x240074f8        -       0x00000178   Zero   RW         1774    .bss                bsp_spi_txrx.o
    0x24007670        -       0x000000c8   Zero   RW         1864    .bss                bsp_can.o
    0x24007738        -       0x0000001c   Zero   RW         4237    .bss                stm32h7xx_hal_flash.o
    0x24007754        -       0x0000008c   Zero   RW         9448    .bss                bsp_debug_usart.o
    0x240077e0        -       0x00000050   Zero   RW         9772    .bss                queue.o
    0x24007830        -       0x000002e4   Zero   RW         9941    .bss                tasks.o
    0x24007b14        -       0x0000b400   Zero   RW        10206    .bss                heap_4.o
    0x24012f14        -       0x00000018   Zero   RW        11570    .bss                ip.o
    0x24012f2c        -       0x00006413   Zero   RW        11599    .bss                mem.o
    0x2401933f        -       0x00000083   Zero   RW        11652    .bss                memp.o
    0x240193c2        -       0x00000393   Zero   RW        11653    .bss                memp.o
    0x24019755        -       0x000000ab   Zero   RW        11654    .bss                memp.o
    0x24019800        -       0x00000783   Zero   RW        11655    .bss                memp.o
    0x24019f83        -       0x000000a3   Zero   RW        11656    .bss                memp.o
    0x2401a026        -       0x0000016b   Zero   RW        11657    .bss                memp.o
    0x2401a191        -       0x00000023   Zero   RW        11658    .bss                memp.o
    0x2401a1b4        -       0x000000a3   Zero   RW        11659    .bss                memp.o
    0x2401a257        -       0x00000083   Zero   RW        11660    .bss                memp.o
    0x2401a2da        -       0x00000083   Zero   RW        11661    .bss                memp.o
    0x2401a35d        -       0x00000063   Zero   RW        11662    .bss                memp.o
    0x2401a3c0        -       0x00000193   Zero   RW        11663    .bss                memp.o
    0x2401a553        -       0x0000b38b   Zero   RW        11664    .bss                memp.o
    0x240258de   COMPRESSED   0x00000002   PAD
    0x240258e0        -       0x00000010   Zero   RW        12454    .bss                tcp_in.o
    0x240258f0        -       0x00000020   Zero   RW        12876    .bss                dhcp.o
    0x24025910        -       0x000000f0   Zero   RW        13011    .bss                etharp.o
    0x24025a00        -       0x00000108   Zero   RW        13495    .bss                ethernetif.o
    0x24025b08        -       0x00000193   Zero   RW        13496    .bss                ethernetif.o
    0x24025c9b   COMPRESSED   0x00000001   PAD
    0x24025c9c        -       0x00000054   Zero   RW        13601    .bss                sys_arch.o
    0x24025cf0        -       0x000004b8   Zero   RW        13806    .bss                segger_rtt.o
    0x240261a8        -       0x00000400   Zero   RW         1928    STACK               startup_stm32h743xx.o



  Load Region LR$$.ARM.__AT_0x30000000 (Base: 0x30000000, Size: 0x00000000, Max: 0x00000400, ABSOLUTE)

    Execution Region ER$$.ARM.__AT_0x30000000 (Exec base: 0x30000000, Load base: 0x30000000, Size: 0x00000400, Max: 0x00000400, ABSOLUTE, UNINIT)

    Exec Addr    Load Addr    Size         Type   Attr      Idx    E Section Name        Object

    0x30000000        -       0x00000400   Zero   RW         1771    .ARM.__AT_0x30000000  bsp_spi_txrx.o



  Load Region LR$$.ARM.__AT_0x30002000 (Base: 0x30002000, Size: 0x00000000, Max: 0x00000400, ABSOLUTE)

    Execution Region ER$$.ARM.__AT_0x30002000 (Exec base: 0x30002000, Load base: 0x30002000, Size: 0x00000400, Max: 0x00000400, ABSOLUTE, UNINIT)

    Exec Addr    Load Addr    Size         Type   Attr      Idx    E Section Name        Object

    0x30002000        -       0x00000400   Zero   RW         1772    .ARM.__AT_0x30002000  bsp_spi_txrx.o



  Load Region LR$$.ARM.__AT_0x30040000 (Base: 0x30040000, Size: 0x00000000, Max: 0x00000060, ABSOLUTE)

    Execution Region ER$$.ARM.__AT_0x30040000 (Exec base: 0x30040000, Load base: 0x30040000, Size: 0x00000060, Max: 0x00000060, ABSOLUTE, UNINIT)

    Exec Addr    Load Addr    Size         Type   Attr      Idx    E Section Name        Object

    0x30040000        -       0x00000060   Zero   RW        13492    .ARM.__AT_0x30040000  ethernetif.o



  Load Region LR$$.ARM.__AT_0x30040060 (Base: 0x30040060, Size: 0x00000000, Max: 0x00000060, ABSOLUTE)

    Execution Region ER$$.ARM.__AT_0x30040060 (Exec base: 0x30040060, Load base: 0x30040060, Size: 0x00000060, Max: 0x00000060, ABSOLUTE, UNINIT)

    Exec Addr    Load Addr    Size         Type   Attr      Idx    E Section Name        Object

    0x30040060        -       0x00000060   Zero   RW        13493    .ARM.__AT_0x30040060  ethernetif.o



  Load Region LR$$.ARM.__AT_0x30040200 (Base: 0x30040200, Size: 0x00000000, Max: 0x00001800, ABSOLUTE)

    Execution Region ER$$.ARM.__AT_0x30040200 (Exec base: 0x30040200, Load base: 0x30040200, Size: 0x00001800, Max: 0x00001800, ABSOLUTE, UNINIT)

    Exec Addr    Load Addr    Size         Type   Attr      Idx    E Section Name        Object

    0x30040200        -       0x00001800   Zero   RW        13494    .ARM.__AT_0x30040200  ethernetif.o



  Load Region LR$$.ARM.__AT_0xC0000000 (Base: 0xc0000000, Size: 0x00000000, Max: 0x00384000, ABSOLUTE)

    Execution Region ER$$.ARM.__AT_0xC0000000 (Exec base: 0xc0000000, Load base: 0xc0000000, Size: 0x00384000, Max: 0x00384000, ABSOLUTE, UNINIT)

    Exec Addr    Load Addr    Size         Type   Attr      Idx    E Section Name        Object

    0xc0000000        -       0x00384000   Zero   RW          398    .ARM.__AT_0xC0000000  date_process_task.o



  Load Region LR$$.ARM.__AT_0xC03E0000 (Base: 0xc03e0000, Size: 0x00000000, Max: 0x00000400, ABSOLUTE)

    Execution Region ER$$.ARM.__AT_0xC03E0000 (Exec base: 0xc03e0000, Load base: 0xc03e0000, Size: 0x00000400, Max: 0x00000400, ABSOLUTE, UNINIT)

    Exec Addr    Load Addr    Size         Type   Attr      Idx    E Section Name        Object

    0xc03e0000        -       0x00000400   Zero   RW          770    .ARM.__AT_0xC03E0000  tcp_client.o



  Load Region LR$$.ARM.__AT_0xC1000000 (Base: 0xc1000000, Size: 0x00000000, Max: 0x000c3500, ABSOLUTE)

    Execution Region ER$$.ARM.__AT_0xC1000000 (Exec base: 0xc1000000, Load base: 0xc1000000, Size: 0x000c3500, Max: 0x000c3500, ABSOLUTE, UNINIT)

    Exec Addr    Load Addr    Size         Type   Attr      Idx    E Section Name        Object

    0xc1000000        -       0x000c3500   Zero   RW          771    .ARM.__AT_0xC1000000  tcp_client.o


==============================================================================

Image component sizes


      Code (inc. data)   RO Data    RW Data    ZI Data      Debug   Object Name

      1446        428          0          0          0      39133   api_lib.o
      3870       1124          3          0          0      25682   api_msg.o
       512         52          0          0          0      37186   bsp.o
       556         72          0         16        200       5395   bsp_can.o
       708         86          0          0         36       4917   bsp_cpu_rtc.o
        28          6          0          0        140        853   bsp_debug_usart.o
        88         28          0         12       3352       2911   bsp_esp32.o
       544         72          0          0          0       2599   bsp_fmc_sdram.o
       128         18          0          0          0       2256   bsp_led.o
       164         26          0          0          0       2612   bsp_spi_ad7606.o
      1190        144          0      12312       2424      44193   bsp_spi_txrx.o
      1560        146         14          0          0       5555   bsp_tim_pwm.o
       144         28          0          0          0       2512   core_delay.o
       920         64          0         12    3690112       4169   date_process_task.o
         8          0          0          0          0       1066   def.o
      6038        958         66         20         32      29513   dhcp.o
       332         30          0         18       3152      17583   emu_data_task.o
        76         18          0          0          0        579   esp32processtask.o
      2740        546         65          1        240      12011   etharp.o
       324         58         12          0          0       2714   ethernet.o
      1044        164         12         20       7003       7030   ethernetif.o
         0          0          0          0          0       1472   event_groups.o
       636        132          0         24      46080       3535   heap_4.o
       704        162          0          0          0       4318   icmp.o
       230          0          0          0          0       3126   inet_chksum.o
        34          0          0          0          0       1640   init.o
         0          0          0          0         24       3190   ip.o
       896         86          0          2          0       5676   ip4.o
        60          0          8          0          0       9008   ip4_addr.o
      2500        482          0          8          0      10534   ip4_frag.o
       596         34          0          0          0       5208   lan8720a.o
       148          0          0          0          0       3478   list.o
       400        110          0        641       3416    1474294   main.o
      1576        602          0         16      25619       7045   mem.o
       566        192        208         52      50591      11740   memp.o
       194         64          0          0          0      11200   netbuf.o
         0          0          0          0          0       2056   netdb.o
      1184        348          0         12          0      14093   netif.o
      2408        744          0          0          0      20924   pbuf.o
      1042        400          0         12          0      10773   port.o
      2420        338          0          0         80      13863   queue.o
       446         38          0          0       1208       8512   segger_rtt.o
       972         10         16          0          0       5713   segger_rtt_printf.o
       568        138          0          8        108      24744   send_buffer_task.o
        36          8        664          0       1024        964   startup_stm32h743xx.o
       524         84          0          4          0      38802   stm32h7_flash.o
       202         40          0         12          0       5383   stm32h7xx_hal.o
       364         32          0          0          0      40406   stm32h7xx_hal_cortex.o
      4572        606          8          0          0       9026   stm32h7xx_hal_dma.o
      4372         60          0          0          0      22246   stm32h7xx_hal_eth.o
      3164         36         92          0          0      23305   stm32h7xx_hal_fdcan.o
       548         50          0          0         28      15221   stm32h7xx_hal_flash.o
       524         10          0          0          0       3533   stm32h7xx_hal_flash_ex.o
       614         10          0          0          0       3940   stm32h7xx_hal_gpio.o
      1090         24          0          0          0       5331   stm32h7xx_hal_mdma.o
        16          4          0          0          0        591   stm32h7xx_hal_pwr.o
      2532        130          0          0          0       6134   stm32h7xx_hal_rcc.o
      3108        118          0          0          0       5926   stm32h7xx_hal_rcc_ex.o
       920          6          0          0          0       5600   stm32h7xx_hal_rtc.o
        20          0          0          0          0       1859   stm32h7xx_hal_rtc_ex.o
       188          4          0          0          0       3624   stm32h7xx_hal_sdram.o
      1232         18          0          0          0       6271   stm32h7xx_hal_spi.o
      1404         70          0          0          0       9449   stm32h7xx_hal_tim.o
      1292         24          0          0          0      10159   stm32h7xx_hal_uart.o
         6          0          0          0          0       2545   stm32h7xx_hal_uart_ex.o
        58          0          0          0          0      11751   stm32h7xx_it.o
       378          8          0          0          0       4544   stm32h7xx_ll_fmc.o
       964        188          0         20         84      15553   sys_arch.o
       200         40         16          8          0       1754   system_stm32h7xx.o
      2664        560          0         60        740      27837   tasks.o
      5724       1608        201         32          0      40230   tcp.o
       160         18          0         60     803720      38167   tcp_client.o
      5220        930          0         36         16      19283   tcp_in.o
      6208       1770         85          0          0      32966   tcp_out.o
       732        214          0         16          0       9488   tcpip.o
       624        190         40         12          0       7767   timeouts.o
      2282        794          0          8          0      14683   udp.o

    ----------------------------------------------------------------------
     92026      15602       1556      13460    4639432    2350949   Object Totals
         0          0         32          0          0          0   (incl. Generated)
        84          0         14          6          3          0   (incl. Padding)

    ----------------------------------------------------------------------

      Code (inc. data)   RO Data    RW Data    ZI Data      Debug   Library Member Name

        86          0          0          0          0          0   __dczerorl2.o
         0          0          0          0          0          0   entry.o
         0          0          0          0          0          0   entry10a.o
         0          0          0          0          0          0   entry11a.o
         8          4          0          0          0          0   entry2.o
         4          0          0          0          0          0   entry5.o
         0          0          0          0          0          0   entry7b.o
         0          0          0          0          0          0   entry8b.o
         8          4          0          0          0          0   entry9a.o
        30          0          0          0          0          0   handlers.o
        36          8          0          0          0         68   init.o
        30          0          0          0          0         68   llshl.o
        32          0          0          0          0         68   llushr.o
        26          0          0          0          0         80   memcmp.o
        64          0          0          0          0         76   memmovea.o
        36          0          0          0          0        108   memseta.o
       736         56          0          0          0        184   printf5.o
        36         10          0          4          0        136   rand.o
         0          0          0          4          0          0   stdout.o
        98          0          0          0          0         92   uldiv.o

    ----------------------------------------------------------------------
      1234         82          0          8          4        880   Library Totals
         4          0          0          0          4          0   (incl. Padding)

    ----------------------------------------------------------------------

      Code (inc. data)   RO Data    RW Data    ZI Data      Debug   Library Name

      1230         82          0          8          0        880   mc_w.l

    ----------------------------------------------------------------------
      1234         82          0          8          4        880   Library Totals

    ----------------------------------------------------------------------

==============================================================================


      Code (inc. data)   RO Data    RW Data    ZI Data      Debug   

     93260      15684       1556      13468    4639436    2306601   Grand Totals
     93260      15684       1556        324    4639436    2306601   ELF Image Totals (compressed)
     93260      15684       1556        324          0          0   ROM Totals

==============================================================================

    Total RO  Size (Code + RO Data)                94816 (  92.59kB)
    Total RW  Size (RW Data + ZI Data)           4652904 (4543.85kB)
    Total ROM Size (Code + RO Data + RW Data)      95140 (  92.91kB)

==============================================================================

